07-07 10:24:07.252  1859  2070 W ActivityManager: java.io.FileNotFoundException: /sys/fs/cgroup/apps/uid_10320/pid_12397/cgroup.procs: open failed: ENOENT (No such file or directory)
07-07 10:24:07.252  1859  2070 W ActivityManager: Caused by: android.system.ErrnoException: open failed: ENOENT (No such file or directory)
07-07 10:24:07.279  1859  2070 W ActivityManager: java.io.FileNotFoundException: /sys/fs/cgroup/apps/uid_10320/pid_12397/cgroup.procs: open failed: ENOENT (No such file or directory)
07-07 10:24:07.279  1859  2070 W ActivityManager: Caused by: android.system.ErrnoException: open failed: ENOENT (No such file or directory)
07-07 10:24:09.761  1859  3249 I PowerManagerServiceImpl: Partial wakeLock:[PARTIAL_WAKE_LOCK                 'Application creation -> Application.onCreate -> Startup Listeners -> CrashStartupListener' (uid=10201 pid=12725 pkg=com.google.android.apps.tachyon)], disabled: true, procState: 19, reason: Process Priority
07-07 10:24:10.944  1859  2969 E ProcessManager: error write exception log
07-07 10:24:28.043  1859  2969 E ProcessManager: error write exception log
07-07 10:24:28.075  1859  2969 E ProcessManager: error write exception log
07-07 10:24:28.120  1859  2969 E ProcessManager: error write exception log
07-07 10:24:39.633  1859  2969 E ProcessManager: error write exception log
07-07 10:24:39.679  1859  2969 E ProcessManager: error write exception log
07-07 10:24:39.833  1859  2969 E ProcessManager: error write exception log
07-07 10:24:39.878  1859  2969 E ProcessManager: error write exception log
07-07 10:24:40.025  1859  3306 W ActivityManager: android.os.DeadObjectException
07-07 10:24:40.026  1859  3306 W ActivityManager: android.os.DeadObjectException
07-07 10:24:40.067  1859  2969 E ProcessManager: error write exception log
07-07 10:24:40.468  1859  2969 E ProcessManager: error write exception log
07-07 10:24:40.616  1859  2969 E ProcessManager: error write exception log
07-07 10:24:40.658  1859  2969 E ProcessManager: error write exception log
07-07 10:25:15.722  8005 13819 F libc    : Fatal signal 6 (SIGABRT), code -1 (SI_QUEUE) in tid 13819 (mqt_v_js), pid 8005 (mous.Pokemonapp)
07-07 10:25:17.017  1859 13858 I DropBoxManagerService: add tag=data_app_native_crash isTagEnabled=true flags=0x6
07-07 10:25:17.032  1859 13857 I ActivityManager: note: ProcessRecord{faf19ee 8005:com.anonymous.Pokemonapp/u0a340} is being killed, reason: APP CRASH(NATIVE), sub-reason: UNKNOWN, message: crash
07-07 10:25:17.110  1859  2969 E ProcessManager: error write exception log
07-07 10:25:17.172  1859  2062 I ActivityManager: Start proc 13865:com.miui.thirdappassistant/u0a312 for content provider {com.miui.thirdappassistant/com.miui.thirdappassistant.ui.exceptionresult.ERHeaderItemViewHolder$SharedPreferencesProvider} caller=com.miui.daemon
07-07 10:25:18.152  1859  3164 W WindowManager: Exception thrown during dispatchAppVisibility Window{4cce4ca u0 com.anonymous.Pokemonapp/com.anonymous.Pokemonapp.MainActivity EXITING}
07-07 10:25:18.152  1859  3164 W WindowManager: android.os.DeadObjectException
07-07 10:25:19.104  1859  2969 E ProcessManager: error write exception log
07-07 10:25:22.400  1859  2969 E ProcessManager: error write exception log
07-07 10:25:23.005  1859  2969 E ProcessManager: error write exception log
07-07 10:25:26.126  1859  2969 E ProcessManager: error write exception log
07-07 10:25:31.982  1859  2969 E ProcessManager: error write exception log
07-07 10:25:32.705  1859  2969 E ProcessManager: error write exception log
07-07 10:25:33.589  1859  2969 E ProcessManager: error write exception log
07-07 10:25:33.661  1859  2969 E ProcessManager: error write exception log
07-07 10:25:33.914  1859  2969 E ProcessManager: error write exception log
07-07 10:25:36.676  1859  2969 E ProcessManager: error write exception log
07-07 10:25:37.288  1859  2969 E ProcessManager: error write exception log
07-07 10:25:37.539  1859  2969 E ProcessManager: error write exception log
07-07 10:25:37.678  1859  2969 E ProcessManager: error write exception log
07-07 10:25:37.775  1859  2969 E ProcessManager: error write exception log
07-07 10:25:38.112  1859  2969 E ProcessManager: error write exception log
07-07 10:25:38.210  1859  2969 E ProcessManager: error write exception log
07-07 10:25:39.238  1859  2969 E ProcessManager: error write exception log
07-07 10:25:39.401  1859  2969 E ProcessManager: error write exception log
07-07 10:25:41.496  1859  2070 W ActivityManager: java.io.FileNotFoundException: /sys/fs/cgroup/apps/uid_10341/pid_14549/cgroup.procs: open failed: ENOENT (No such file or directory)
07-07 10:25:41.496  1859  2070 W ActivityManager: Caused by: android.system.ErrnoException: open failed: ENOENT (No such file or directory)
07-07 10:25:41.743  1859  2969 E ProcessManager: error write exception log
07-07 10:25:41.910  1859  2969 E ProcessManager: error write exception log
07-07 10:25:42.176  1859  2070 W ActivityManager: java.io.FileNotFoundException: /sys/fs/cgroup/apps/uid_10341/pid_14549/cgroup.procs: open failed: ENOENT (No such file or directory)
07-07 10:25:42.176  1859  2070 W ActivityManager: Caused by: android.system.ErrnoException: open failed: ENOENT (No such file or directory)
07-07 10:25:42.617  1859  2070 W ActivityManager: java.io.FileNotFoundException: /sys/fs/cgroup/apps/uid_10341/pid_14549/cgroup.procs: open failed: ENOENT (No such file or directory)
07-07 10:25:42.617  1859  2070 W ActivityManager: Caused by: android.system.ErrnoException: open failed: ENOENT (No such file or directory)
07-07 10:25:42.884  1859  2969 E ProcessManager: error write exception log
07-07 10:25:42.929  1859  2969 E ProcessManager: error write exception log
07-07 10:25:42.996  1859  2969 E ProcessManager: error write exception log
07-07 10:25:43.162  1859  2969 E ProcessManager: error write exception log
07-07 10:25:43.193  1859  2969 E ProcessManager: error write exception log
07-07 10:25:43.223  1859  5016 W ClientLifecycleManager: android.os.DeadObjectException
07-07 10:25:43.224  1859  5016 E ActivityTaskManager: android.os.DeadObjectException
07-07 10:25:43.229  1859  5016 W ActivityManager: Exception when unbinding service com.mi.appfinder/org.chromium.content.app.SandboxedProcessService0:0
07-07 10:25:43.229  1859  5016 W ActivityManager: android.os.DeadObjectException
07-07 10:25:43.261  1859  2969 E ProcessManager: error write exception log
07-07 10:25:43.261  1859  5010 W ActivityManager: Scheduling restart of crashed service com.xiaomi.discover/com.xiaomi.downloader.service.DownloadService in 20000ms for start-requested
07-07 10:25:43.282  1859  2969 E ProcessManager: error write exception log
07-07 10:25:43.298 13677 14545 E AndroidRuntime: FATAL EXCEPTION: androidmapsapi-ula-1
07-07 10:25:43.298 13677 14545 E AndroidRuntime: java.lang.IllegalStateException: API key not found.  Check that <meta-data android:name="com.google.android.geo.API_KEY" android:value="your API key"/> is in the <application> element of AndroidManifest.xml
07-07 10:25:43.299  1859  2969 E ProcessManager: error write exception log
07-07 10:25:43.319 13677 14667 W FileUtils: Failed to chmod(/data/miuilog/stability/jetrace): android.system.ErrnoException: chmod failed: EACCES (Permission denied)
07-07 10:25:43.344  1859 14668 I DropBoxManagerService: add tag=data_app_crash isTagEnabled=true flags=0x2
07-07 10:25:43.363  1859  4826 I ActivityManager: note: ProcessRecord{10c4b3f 13677:com.anonymous.pokemonapp/u0a341} is being killed, reason: APP CRASH(EXCEPTION), sub-reason: UNKNOWN, message: crash
07-07 10:25:43.407  1859  2062 I ActivityManager: Start proc 14670:com.miui.thirdappassistant/u0a312 for content provider {com.miui.thirdappassistant/com.miui.thirdappassistant.ui.exceptionresult.ERHeaderItemViewHolder$SharedPreferencesProvider} caller=com.miui.daemon
07-07 10:25:43.522  1859  2969 E ProcessManager: error write exception log
07-07 10:25:43.769  1859  2056 W ActivityManager: Rescheduling restart of crashed service com.xiaomi.discover/com.xiaomi.downloader.service.DownloadService in 9493ms for mem-pressure-event
07-07 10:25:46.484  1859  2073 E BluetoothPowerStatsCollector: java.util.concurrent.ExecutionException: java.lang.RuntimeException: error: 11
07-07 10:25:46.484  1859  2073 E BluetoothPowerStatsCollector: Caused by: java.lang.RuntimeException: error: 11
07-07 10:25:47.660  1859  2056 W ActivityManager: Rescheduling restart of crashed service com.xiaomi.discover/com.xiaomi.downloader.service.DownloadService in 0ms for mem-pressure-event
07-07 10:25:51.688  1859  2969 E ProcessManager: error write exception log
07-07 10:25:51.788  1859  2969 E ProcessManager: error write exception log
07-07 10:25:59.631  1859  2070 W ActivityManager: java.io.FileNotFoundException: /sys/fs/cgroup/apps/uid_10341/pid_15157/cgroup.procs: open failed: ENOENT (No such file or directory)
07-07 10:25:59.631  1859  2070 W ActivityManager: Caused by: android.system.ErrnoException: open failed: ENOENT (No such file or directory)
07-07 10:25:59.816  1859  2070 W ActivityManager: java.io.FileNotFoundException: /sys/fs/cgroup/apps/uid_10341/pid_15157/cgroup.procs: open failed: ENOENT (No such file or directory)
07-07 10:25:59.816  1859  2070 W ActivityManager: Caused by: android.system.ErrnoException: open failed: ENOENT (No such file or directory)
07-07 10:25:59.921  1859  2969 E ProcessManager: error write exception log
07-07 10:25:59.994  1859  2969 E ProcessManager: error write exception log
07-07 10:26:00.177  1859  2969 E ProcessManager: error write exception log
07-07 10:26:00.367  1859  2969 E ProcessManager: error write exception log
07-07 10:26:00.440  1859  2969 E ProcessManager: error write exception log
07-07 10:26:00.616  1859  2969 E ProcessManager: error write exception log
07-07 10:26:01.354  1859  2969 E ProcessManager: error write exception log
07-07 10:26:01.366  1859  2969 E ProcessManager: error write exception log
07-07 10:26:01.382  1859  2969 E ProcessManager: error write exception log
07-07 10:26:01.398  1859  2969 E ProcessManager: error write exception log
07-07 10:26:01.411  1859  2969 E ProcessManager: error write exception log
07-07 10:26:01.417  1859  2969 E ProcessManager: error write exception log
07-07 10:26:01.428  1859  2969 E ProcessManager: error write exception log
07-07 10:26:01.429  1859  5049 W ActivityManager: Scheduling restart of crashed service com.android.vending/com.google.frameworks.client.data.android.server.play.BackgroundProcessEndpointService in 1000ms for connection
07-07 10:26:01.434  1859  2969 E ProcessManager: error write exception log
07-07 10:26:01.435  1859  3762 W ActivityManager: Scheduling restart of crashed service com.xiaomi.discover/com.xiaomi.downloader.service.DownloadService in 1000ms for start-requested
07-07 10:26:01.963  1859  2056 W ActivityManager: Rescheduling restart of crashed service com.xiaomi.discover/com.xiaomi.downloader.service.DownloadService in 19473ms for mem-pressure-event
07-07 10:26:02.237  1859  2056 W ActivityManager: Rescheduling restart of crashed service com.xiaomi.discover/com.xiaomi.downloader.service.DownloadService in 9198ms for mem-pressure-event
07-07 10:26:02.436 13810 15329 E AndroidRuntime: FATAL EXCEPTION: androidmapsapi-ula-1
07-07 10:26:02.436 13810 15329 E AndroidRuntime: java.lang.IllegalStateException: API key not found.  Check that <meta-data android:name="com.google.android.geo.API_KEY" android:value="your API key"/> is in the <application> element of AndroidManifest.xml
07-07 10:26:02.447 13810 15533 W FileUtils: Failed to chmod(/data/miuilog/stability/jetrace): android.system.ErrnoException: chmod failed: EACCES (Permission denied)
07-07 10:26:02.465  1859  3651 I ActivityManager: note: ProcessRecord{3aaed58 13810:com.anonymous.pokemonapp/u0a341} is being killed, reason: APP CRASH(EXCEPTION), sub-reason: UNKNOWN, message: crash
07-07 10:26:02.466  1859 15534 I DropBoxManagerService: add tag=data_app_crash isTagEnabled=true flags=0x2
07-07 10:26:02.496  1859  2040 I ActivityManager: Showing crash dialog for package com.anonymous.pokemonapp u0
07-07 10:26:02.560  1859  2062 I ActivityManager: Start proc 15538:com.miui.thirdappassistant/u0a312 for content provider {com.miui.thirdappassistant/com.miui.thirdappassistant.ui.exceptionresult.ERHeaderItemViewHolder$SharedPreferencesProvider} caller=com.miui.daemon
07-07 10:26:02.794  1859  2070 W ActivityManager: java.io.FileNotFoundException: /sys/fs/cgroup/apps/uid_10341/pid_15157/cgroup.procs: open failed: ENOENT (No such file or directory)
07-07 10:26:02.794  1859  2070 W ActivityManager: Caused by: android.system.ErrnoException: open failed: ENOENT (No such file or directory)
07-07 10:26:02.831  1859  2969 E ProcessManager: error write exception log
07-07 10:26:03.242  1859  2056 W ActivityManager: Rescheduling restart of crashed service com.xiaomi.discover/com.xiaomi.downloader.service.DownloadService in 0ms for mem-pressure-event
07-07 10:26:03.860  1859  2969 E ProcessManager: error write exception log
07-07 10:26:31.935  1859  3651 I ActivityManager: Killing 13810:com.anonymous.pokemonapp/u0a341 (adj 900): crash
07-07 10:26:31.935  1859  3651 I ActivityManager: note: ProcessRecord{3aaed58 13810:com.anonymous.pokemonapp/u0a341} is being killed, reason: APP CRASH(EXCEPTION), sub-reason: UNKNOWN, message: crash
07-07 10:27:14.894  1859  2070 W ActivityManager: java.io.FileNotFoundException: /sys/fs/cgroup/apps/uid_10341/pid_16080/cgroup.procs: open failed: ENOENT (No such file or directory)
07-07 10:27:14.894  1859  2070 W ActivityManager: Caused by: android.system.ErrnoException: open failed: ENOENT (No such file or directory)
07-07 10:27:15.009  1859  2070 W ActivityManager: java.io.FileNotFoundException: /sys/fs/cgroup/apps/uid_10341/pid_16080/cgroup.procs: open failed: ENOENT (No such file or directory)
07-07 10:27:15.009  1859  2070 W ActivityManager: Caused by: android.system.ErrnoException: open failed: ENOENT (No such file or directory)
07-07 10:27:16.108  1859  2969 E ProcessManager: error write exception log
07-07 10:27:16.124  1859  4935 W ActivityManager: Exception when unbinding service com.android.vending/com.google.frameworks.client.data.android.server.play.BackgroundProcessEndpointService
07-07 10:27:16.124  1859  4935 W ActivityManager: android.os.DeadObjectException
07-07 10:27:16.135  1859  2969 E ProcessManager: error write exception log
07-07 10:27:16.147  1859  2969 E ProcessManager: error write exception log
07-07 10:27:16.154  1859  2969 E ProcessManager: error write exception log
07-07 10:27:16.160  1859  2969 E ProcessManager: error write exception log
07-07 10:27:16.165  1859  2969 E ProcessManager: error write exception log
07-07 10:27:16.168  1859  3651 W ActivityManager: Scheduling restart of crashed service com.xiaomi.discover/com.xiaomi.downloader.service.DownloadService in 20000ms for start-requested
07-07 10:27:17.413 14109 16163 E AndroidRuntime: FATAL EXCEPTION: androidmapsapi-ula-1
07-07 10:27:17.413 14109 16163 E AndroidRuntime: java.lang.IllegalStateException: API key not found.  Check that <meta-data android:name="com.google.android.geo.API_KEY" android:value="your API key"/> is in the <application> element of AndroidManifest.xml
07-07 10:27:17.420 14109 16203 W FileUtils: Failed to chmod(/data/miuilog/stability/jetrace): android.system.ErrnoException: chmod failed: EACCES (Permission denied)
07-07 10:27:17.429  1859  5049 I ActivityManager: note: ProcessRecord{460c443 14109:com.anonymous.pokemonapp/u0a341} is being killed, reason: APP CRASH(EXCEPTION), sub-reason: UNKNOWN, message: crash
07-07 10:27:17.430  1859 16204 I DropBoxManagerService: add tag=data_app_crash isTagEnabled=true flags=0x2
07-07 10:27:17.430  1859  5049 W ActivityManager: Process com.anonymous.pokemonapp has crashed too many times, killing! Reason: crashed quickly
07-07 10:27:17.455  1859  5049 I ActivityManager: Killing 14109:com.anonymous.pokemonapp/u0a341 (adj 0): crash
07-07 10:27:17.455  1859  5049 I ActivityManager: note: ProcessRecord{460c443 14109:com.anonymous.pokemonapp/u0a341} is being killed, reason: APP CRASH(EXCEPTION), sub-reason: UNKNOWN, message: crash
07-07 10:27:17.579  1859  2056 W ActivityManager: Rescheduling restart of crashed service com.xiaomi.discover/com.xiaomi.downloader.service.DownloadService in 0ms for mem-pressure-event
07-07 10:27:17.591  1859  2062 I ActivityManager: Start proc 16212:com.miui.thirdappassistant/u0a312 for content provider {com.miui.thirdappassistant/com.miui.thirdappassistant.ui.exceptionresult.ERHeaderItemViewHolder$SharedPreferencesProvider} caller=com.miui.daemon
07-07 10:27:17.715  1859  5049 W WindowManager: Exception thrown during dispatchAppVisibility Window{7cc4fd3 u0 com.anonymous.pokemonapp/com.anonymous.pokemonapp.MainActivity EXITING}
07-07 10:27:17.715  1859  5049 W WindowManager: android.os.DeadObjectException
07-07 10:27:51.801  1859  2056 W ActivityManager: java.io.FileNotFoundException: /sys/fs/cgroup/apps/uid_10168/pid_31461/cgroup.procs: open failed: ENOENT (No such file or directory)
07-07 10:27:51.801  1859  2056 W ActivityManager: Caused by: android.system.ErrnoException: open failed: ENOENT (No such file or directory)
07-07 10:28:02.107  1859  2073 E BluetoothPowerStatsCollector: java.util.concurrent.ExecutionException: java.lang.RuntimeException: error: 11
07-07 10:28:02.107  1859  2073 E BluetoothPowerStatsCollector: Caused by: java.lang.RuntimeException: error: 11
07-07 10:28:11.301 15453 16932 F libc    : Fatal signal 6 (SIGABRT), code -1 (SI_QUEUE) in tid 16932 (mqt_v_js), pid 15453 (mous.Pokemonapp)
07-07 10:28:12.683  1859 16976 I ActivityManager: note: ProcessRecord{730b19 15453:com.anonymous.Pokemonapp/u0a340} is being killed, reason: APP CRASH(NATIVE), sub-reason: UNKNOWN, message: crash
07-07 10:28:12.686  1859 16977 I DropBoxManagerService: add tag=data_app_native_crash isTagEnabled=true flags=0x6
07-07 10:28:12.806  1859  4707 I SmartPower: com.miui.thirdappassistant/10312(16212): idle->background(51837ms) R(content provider start ContentProviderRecord{21f1db7 u0 com.miui.thirdappassistant/.ui.exceptionresult.ERHeaderItemViewHolder$SharedPreferencesProvider}) adj=0.
07-07 10:28:12.813  1859  2969 E ProcessManager: error write exception log
07-07 10:28:13.866  1859  5049 W WindowManager: Exception thrown during dispatchAppVisibility Window{ae7c97b u0 com.anonymous.Pokemonapp/com.anonymous.Pokemonapp.MainActivity EXITING}
07-07 10:28:13.866  1859  5049 W WindowManager: android.os.DeadObjectException
07-07 10:28:15.808  1859  2993 I SmartPower: com.miui.thirdappassistant/10312(16212): background->idle(3002ms) R(content provider start ContentProviderRecord{21f1db7 u0 com.miui.thirdappassistant/.ui.exceptionresult.ERHeaderItemViewHolder$SharedPreferencesProvider}) adj=0.
07-07 10:28:22.823  1859  2969 E ProcessManager: error write exception log
07-07 10:28:26.293  1859  2969 E ProcessManager: error write exception log
07-07 10:28:31.084  1859  2969 E ProcessManager: error write exception log
07-07 10:28:33.208  1859  3089 W FileUtils: Failed to chmod(AtomicFile[/data/system_de/0/system/game-manager-service.xml]): android.system.ErrnoException: chmod failed: ENOENT (No such file or directory)
07-07 10:28:49.462  1859  2969 E ProcessManager: error write exception log
07-07 10:28:49.887  1859  2969 E ProcessManager: error write exception log
07-07 10:28:50.031  1859  2969 E ProcessManager: error write exception log
07-07 10:28:51.021  1859  2969 E ProcessManager: error write exception log
07-07 10:28:55.126  1859  2061 W ActivityManager: java.io.FileNotFoundException: /sys/fs/cgroup/apps/uid_10168/pid_31461/cgroup.procs: open failed: ENOENT (No such file or directory)
07-07 10:28:55.126  1859  2061 W ActivityManager: Caused by: android.system.ErrnoException: open failed: ENOENT (No such file or directory)
07-07 10:29:03.060  1859  2969 E ProcessManager: error write exception log
07-07 10:29:05.987  1859  2070 W ActivityManager: java.io.FileNotFoundException: /sys/fs/cgroup/apps/uid_10342/pid_18106/cgroup.procs: open failed: ENOENT (No such file or directory)
07-07 10:29:05.987  1859  2070 W ActivityManager: Caused by: android.system.ErrnoException: open failed: ENOENT (No such file or directory)
07-07 10:29:06.235  1859  2969 E ProcessManager: error write exception log
07-07 10:29:06.290  1859  2969 E ProcessManager: error write exception log
07-07 10:29:06.344  1859  2969 E ProcessManager: error write exception log
07-07 10:29:06.573  1859  2070 W ActivityManager: java.io.FileNotFoundException: /sys/fs/cgroup/apps/uid_10342/pid_18106/cgroup.procs: open failed: ENOENT (No such file or directory)
07-07 10:29:06.573  1859  2070 W ActivityManager: Caused by: android.system.ErrnoException: open failed: ENOENT (No such file or directory)
07-07 10:29:06.948  1859  2070 W ActivityManager: java.io.FileNotFoundException: /sys/fs/cgroup/apps/uid_10342/pid_18106/cgroup.procs: open failed: ENOENT (No such file or directory)
07-07 10:29:06.948  1859  2070 W ActivityManager: Caused by: android.system.ErrnoException: open failed: ENOENT (No such file or directory)
07-07 10:29:07.113  1859  2969 E ProcessManager: error write exception log
07-07 10:29:07.294  1859  2969 E ProcessManager: error write exception log
07-07 10:29:07.346  1859  2969 E ProcessManager: error write exception log
07-07 10:29:07.381  1859  2969 E ProcessManager: error write exception log
07-07 10:29:07.408  1859  2969 E ProcessManager: error write exception log
07-07 10:29:07.436  1859  2969 E ProcessManager: error write exception log
07-07 10:29:07.465  1859  2969 E ProcessManager: error write exception log
07-07 10:29:07.491  1859  2969 E ProcessManager: error write exception log
07-07 10:29:07.494  1859  4825 W ActivityManager: Scheduling restart of crashed service com.xiaomi.discover/com.xiaomi.downloader.service.DownloadService in 30000ms for start-requested
07-07 10:29:07.507  1859  2969 E ProcessManager: error write exception log
07-07 10:29:07.513  1859  2969 E ProcessManager: error write exception log
07-07 10:29:07.524  1859  2969 E ProcessManager: error write exception log
07-07 10:29:07.529  1859  2056 W ActivityManager: Rescheduling restart of crashed service com.xiaomi.discover/com.xiaomi.downloader.service.DownloadService in 963ms for mem-pressure-event
07-07 10:29:07.768 16921 18101 E AndroidRuntime: FATAL EXCEPTION: androidmapsapi-ula-1
07-07 10:29:07.768 16921 18101 E AndroidRuntime: java.lang.IllegalStateException: API key not found.  Check that <meta-data android:name="com.google.android.geo.API_KEY" android:value="your API key"/> is in the <application> element of AndroidManifest.xml
07-07 10:29:07.787 16921 18231 W FileUtils: Failed to chmod(/data/miuilog/stability/jetrace): android.system.ErrnoException: chmod failed: EACCES (Permission denied)
07-07 10:29:07.798  1859  4825 I ActivityManager: note: ProcessRecord{27c4913 16921:com.anonymous.pokemonapp/u0a342} is being killed, reason: APP CRASH(EXCEPTION), sub-reason: UNKNOWN, message: crash
07-07 10:29:07.798  1859 18232 I DropBoxManagerService: add tag=data_app_crash isTagEnabled=true flags=0x2
07-07 10:29:07.832  1859  2062 I ActivityManager: Start proc 18234:com.miui.thirdappassistant/u0a312 for content provider {com.miui.thirdappassistant/com.miui.thirdappassistant.ui.exceptionresult.ERHeaderItemViewHolder$SharedPreferencesProvider} caller=com.miui.daemon
07-07 10:29:07.924  1859  2969 E ProcessManager: error write exception log
07-07 10:29:08.021  1859  2056 W ActivityManager: Rescheduling restart of crashed service com.xiaomi.discover/com.xiaomi.downloader.service.DownloadService in 9472ms for mem-pressure-event
07-07 10:29:10.860  1859  2056 W ActivityManager: Rescheduling restart of crashed service com.xiaomi.discover/com.xiaomi.downloader.service.DownloadService in 0ms for mem-pressure-event
07-07 10:29:18.221  1859  2073 W ActivityManager: java.io.FileNotFoundException: /sys/fs/cgroup/apps/uid_10168/pid_31461/cgroup.procs: open failed: ENOENT (No such file or directory)
07-07 10:29:18.221  1859  2073 W ActivityManager: Caused by: android.system.ErrnoException: open failed: ENOENT (No such file or directory)
07-07 10:29:18.404  1859  2073 E BluetoothPowerStatsCollector: java.util.concurrent.ExecutionException: java.lang.RuntimeException: error: 11
07-07 10:29:18.404  1859  2073 E BluetoothPowerStatsCollector: Caused by: java.lang.RuntimeException: error: 11
07-07 10:29:18.534  1859  2073 E BluetoothPowerStatsCollector: java.util.concurrent.ExecutionException: java.lang.RuntimeException: error: 11
07-07 10:29:18.534  1859  2073 E BluetoothPowerStatsCollector: Caused by: java.lang.RuntimeException: error: 11
07-07 10:29:18.618  1859  2073 E BluetoothPowerStatsCollector: java.util.concurrent.ExecutionException: java.lang.RuntimeException: error: 11
07-07 10:29:18.618  1859  2073 E BluetoothPowerStatsCollector: Caused by: java.lang.RuntimeException: error: 11
07-07 10:29:18.716  1859  2073 E BluetoothPowerStatsCollector: java.util.concurrent.ExecutionException: java.lang.RuntimeException: error: 11
07-07 10:29:18.716  1859  2073 E BluetoothPowerStatsCollector: Caused by: java.lang.RuntimeException: error: 11
07-07 10:30:18.924  1859  1859 E FaceUnlockTrack: org.json.JSONException: End of input at character 0 of 
07-07 10:44:55.983  1859  2073 E BluetoothPowerStatsCollector: java.util.concurrent.ExecutionException: java.lang.RuntimeException: error: 11
07-07 10:44:55.983  1859  2073 E BluetoothPowerStatsCollector: Caused by: java.lang.RuntimeException: error: 11
07-07 10:44:56.106  1859  2073 E BluetoothPowerStatsCollector: java.util.concurrent.ExecutionException: java.lang.RuntimeException: error: 11
07-07 10:44:56.106  1859  2073 E BluetoothPowerStatsCollector: Caused by: java.lang.RuntimeException: error: 11
07-07 10:44:56.212  1859  2073 E BluetoothPowerStatsCollector: java.util.concurrent.ExecutionException: java.lang.RuntimeException: error: 11
07-07 10:44:56.212  1859  2073 E BluetoothPowerStatsCollector: Caused by: java.lang.RuntimeException: error: 11
07-07 10:45:24.728  1859  2969 E ProcessManager: error write exception log
07-07 10:45:49.690  1859  2073 W ActivityManager: java.io.FileNotFoundException: /sys/fs/cgroup/apps/uid_10168/pid_31461/cgroup.procs: open failed: ENOENT (No such file or directory)
07-07 10:45:49.690  1859  2073 W ActivityManager: Caused by: android.system.ErrnoException: open failed: ENOENT (No such file or directory)
07-07 10:45:59.161  1859  1859 E FaceUnlockTrack: org.json.JSONException: End of input at character 0 of 
07-07 10:46:58.260  1859  2073 E BluetoothPowerStatsCollector: java.util.concurrent.ExecutionException: java.lang.RuntimeException: error: 11
07-07 10:46:58.260  1859  2073 E BluetoothPowerStatsCollector: Caused by: java.lang.RuntimeException: error: 11
07-07 10:46:59.108  1859  2073 W ActivityManager: java.io.FileNotFoundException: /sys/fs/cgroup/apps/uid_10168/pid_31461/cgroup.procs: open failed: ENOENT (No such file or directory)
07-07 10:46:59.108  1859  2073 W ActivityManager: Caused by: android.system.ErrnoException: open failed: ENOENT (No such file or directory)
07-07 10:48:14.522  1859  2073 W ActivityManager: java.io.FileNotFoundException: /sys/fs/cgroup/apps/uid_10168/pid_31461/cgroup.procs: open failed: ENOENT (No such file or directory)
07-07 10:48:14.522  1859  2073 W ActivityManager: Caused by: android.system.ErrnoException: open failed: ENOENT (No such file or directory)
07-07 10:49:29.555  1859  2073 W ActivityManager: java.io.FileNotFoundException: /sys/fs/cgroup/apps/uid_10168/pid_31461/cgroup.procs: open failed: ENOENT (No such file or directory)
07-07 10:49:29.555  1859  2073 W ActivityManager: Caused by: android.system.ErrnoException: open failed: ENOENT (No such file or directory)
07-07 10:50:25.798  1859  2969 E ProcessManager: error write exception log
07-07 10:50:26.193  1859  2969 E ProcessManager: error write exception log
07-07 10:51:20.567  1859  2073 W ActivityManager: java.io.FileNotFoundException: /sys/fs/cgroup/apps/uid_10168/pid_31461/cgroup.procs: open failed: ENOENT (No such file or directory)
07-07 10:51:20.567  1859  2073 W ActivityManager: Caused by: android.system.ErrnoException: open failed: ENOENT (No such file or directory)
07-07 10:52:08.099  1859  1859 E FaceUnlockTrack: org.json.JSONException: End of input at character 0 of 
07-07 10:52:49.747  1859  2061 W ProcessCpuTracker: Failed to stat(/proc/1859/task/19677): android.system.ErrnoException: stat failed: ENOENT (No such file or directory)
07-07 10:52:49.859  1859  2061 W ActivityManager: java.io.FileNotFoundException: /sys/fs/cgroup/apps/uid_10168/pid_31461/cgroup.procs: open failed: ENOENT (No such file or directory)
07-07 10:52:49.859  1859  2061 W ActivityManager: Caused by: android.system.ErrnoException: open failed: ENOENT (No such file or directory)
07-07 10:52:51.213  1859  2073 E BluetoothPowerStatsCollector: java.util.concurrent.ExecutionException: java.lang.RuntimeException: error: 11
07-07 10:52:51.213  1859  2073 E BluetoothPowerStatsCollector: Caused by: java.lang.RuntimeException: error: 11
07-07 10:52:51.330  1859  2073 E BluetoothPowerStatsCollector: java.util.concurrent.ExecutionException: java.lang.RuntimeException: error: 11
07-07 10:52:51.330  1859  2073 E BluetoothPowerStatsCollector: Caused by: java.lang.RuntimeException: error: 11
07-07 10:52:51.332  1859  2073 E BluetoothPowerStatsCollector: java.util.concurrent.ExecutionException: java.lang.RuntimeException: error: 11
07-07 10:52:51.332  1859  2073 E BluetoothPowerStatsCollector: Caused by: java.lang.RuntimeException: error: 11
07-07 10:52:55.548  1859  2969 E ProcessManager: error write exception log
07-07 10:53:56.942 18880 18880 W unknown:BridgelessReact: ReactHost{0}.raiseSoftException(onWindowFocusChange(hasFocus = "false")): Tried to access onWindowFocusChange while context is not ready
07-07 10:53:56.944 18880 18880 E unknown:ReactHost: Unhandled SoftException
07-07 10:53:56.944 18880 18880 E unknown:ReactHost: com.facebook.react.bridge.ReactNoCrashSoftException: raiseSoftException(onWindowFocusChange(hasFocus = "false")): Tried to access onWindowFocusChange while context is not ready
07-07 10:53:56.944 18880 18880 E unknown:ReactHost: 	at com.facebook.react.runtime.ReactHostImpl.raiseSoftException(ReactHostImpl.kt:919)
07-07 10:53:56.944 18880 18880 E unknown:ReactHost: 	at com.facebook.react.runtime.ReactHostImpl.raiseSoftException$default(ReactHostImpl.kt:910)
07-07 10:53:57.163  1859  1859 E FaceUnlockTrack: org.json.JSONException: End of input at character 0 of 
07-07 10:53:57.331  1859  2893 E WifiStaIfaceAidlImpl: setDtimMultiplier failed with service-specific exception: android.os.ServiceSpecificException:  (code 4)
07-07 10:54:00.180  8625  9330 E FileUtil: java.io.IOException: read failed: ENODATA (No data available)
07-07 10:54:00.180  8625  9330 E FileUtil: Caused by: android.system.ErrnoException: read failed: ENODATA (No data available)
07-07 10:54:21.620  1859  2893 E WifiStaIfaceAidlImpl: setDtimMultiplier failed with service-specific exception: android.os.ServiceSpecificException:  (code 4)
07-07 10:54:21.639  3428  6070 E BroadcastDispatcher: java.lang.IllegalStateException: java.lang.IllegalArgumentException: Receiver not registered: com.miui.aod.doze.DozeTriggers$TriggerReceiver@e4b4ad9
07-07 10:54:21.639  3428  6070 E BroadcastDispatcher: Caused by: java.lang.IllegalArgumentException: Receiver not registered: com.miui.aod.doze.DozeTriggers$TriggerReceiver@e4b4ad9
07-07 10:54:21.799  7121  8660 I NullBinder: NullBinder for android.net.action.RECOMMEND_NETWORKS triggering remote TransactionTooLargeException due to Service without Chimera impl, calling uid: 1000, calling pid: 0
07-07 10:54:21.809  7121  8660 I NullBinder: NullBinder for android.net.action.RECOMMEND_NETWORKS triggering remote TransactionTooLargeException due to Service without Chimera impl, calling uid: 1000, calling pid: 0
07-07 10:54:22.378 18880 18880 W unknown:BridgelessReact: ReactHost{0}.raiseSoftException(onWindowFocusChange(hasFocus = "true")): Tried to access onWindowFocusChange while context is not ready
07-07 10:54:22.380 18880 18880 E unknown:ReactHost: Unhandled SoftException
07-07 10:54:22.380 18880 18880 E unknown:ReactHost: com.facebook.react.bridge.ReactNoCrashSoftException: raiseSoftException(onWindowFocusChange(hasFocus = "true")): Tried to access onWindowFocusChange while context is not ready
07-07 10:54:22.380 18880 18880 E unknown:ReactHost: 	at com.facebook.react.runtime.ReactHostImpl.raiseSoftException(ReactHostImpl.kt:919)
07-07 10:54:22.380 18880 18880 E unknown:ReactHost: 	at com.facebook.react.runtime.ReactHostImpl.raiseSoftException$default(ReactHostImpl.kt:910)
07-07 10:54:23.843 31045 31045 D OnGlobalListenerError: java.lang.Exception
07-07 10:54:23.846 31045 31045 D OnGlobalListenerError: java.lang.Exception
07-07 10:54:23.877 31045 31045 D OnGlobalListenerError: java.lang.Exception
07-07 10:54:23.878 31045 31045 D OnGlobalListenerError: java.lang.Exception
07-07 10:54:23.903 18880 18880 W unknown:BridgelessReact: ReactHost{0}.raiseSoftException(onWindowFocusChange(hasFocus = "false")): Tried to access onWindowFocusChange while context is not ready
07-07 10:54:23.903 18880 18880 E unknown:ReactHost: Unhandled SoftException
07-07 10:54:23.903 18880 18880 E unknown:ReactHost: com.facebook.react.bridge.ReactNoCrashSoftException: raiseSoftException(onWindowFocusChange(hasFocus = "false")): Tried to access onWindowFocusChange while context is not ready
07-07 10:54:23.903 18880 18880 E unknown:ReactHost: 	at com.facebook.react.runtime.ReactHostImpl.raiseSoftException(ReactHostImpl.kt:919)
07-07 10:54:23.903 18880 18880 E unknown:ReactHost: 	at com.facebook.react.runtime.ReactHostImpl.raiseSoftException$default(ReactHostImpl.kt:910)
07-07 10:54:23.997 31045 31045 D HomeLayerElement: java.lang.Exception
07-07 10:54:24.605  8625  9330 E FileUtil: java.io.IOException: read failed: ENODATA (No data available)
07-07 10:54:24.605  8625  9330 E FileUtil: Caused by: android.system.ErrnoException: read failed: ENODATA (No data available)
07-07 10:54:24.872 31045 31045 D TransitionCallback: java.lang.Exception
07-07 10:54:24.873 31045 31045 D ReflectUtils: java.lang.NoSuchMethodException: android.window.WindowContainerTransaction.setWillFinishToHome [boolean]
07-07 10:54:24.874 31045 31045 D HomeLayerElement: java.lang.Exception
07-07 10:54:25.515 31045 31045 D OnGlobalListenerError: java.lang.Exception
07-07 10:54:25.603  1859  2969 E ProcessManager: error write exception log
07-07 10:54:26.919  8625  9330 E FileUtil: java.io.IOException: read failed: ENODATA (No data available)
07-07 10:54:26.919  8625  9330 E FileUtil: Caused by: android.system.ErrnoException: read failed: ENODATA (No data available)
07-07 10:54:56.945  1859  2073 W ActivityManager: java.io.FileNotFoundException: /sys/fs/cgroup/apps/uid_10168/pid_31461/cgroup.procs: open failed: ENOENT (No such file or directory)
07-07 10:54:56.945  1859  2073 W ActivityManager: Caused by: android.system.ErrnoException: open failed: ENOENT (No such file or directory)
07-07 10:55:37.838 31045  6904 E BitmapFactory: Unable to decode file: java.io.FileNotFoundException: /product/media/theme/miui_mod_icons/dynamic/com.miui.securitycenter/2.png: open failed: ENOENT (No such file or directory)
07-07 10:55:38.144  1859 17676 D ProfileTranscode: com.anonymous.pokemonapp read profile exception: java.io.FileNotFoundException: dexopt/baseline.prof
07-07 10:55:38.465 31045 31045 W Launcher.Utilities: android.content.pm.PackageManager$NameNotFoundException: com.miui.personalassistant
07-07 10:55:39.212 20059 20059 D AutoDensity: 	getAccessibilityDpi Exception: android.provider.Settings$SettingNotFoundException: display_density_forced
07-07 10:55:39.382 20040 20040 I Finsky:background: [2] [BGP] Initializing crash detector...
07-07 10:55:39.383 31045 31045 D HomeLayerElement: java.lang.Exception
07-07 10:55:39.385 31045 31045 D HomeLayerElement: java.lang.Exception
07-07 10:55:39.463  1859  2969 E ProcessManager: error write exception log
07-07 10:55:39.542 20040 20187 I Finsky:background: [45153] SettingNotFoundException, fall through to G.downloadBytesOverMobileMaximum
07-07 10:55:39.930 31045 31045 D TransitionCallback: java.lang.Exception
07-07 10:55:39.931 31045 31045 D ReflectUtils: java.lang.NoSuchMethodException: android.window.WindowContainerTransaction.setWillFinishToHome [boolean]
07-07 10:55:39.932 31045 31045 D HomeLayerElement: java.lang.Exception
07-07 10:55:40.840  8625  9330 E FileUtil: java.io.IOException: read failed: ENODATA (No data available)
07-07 10:55:40.840  8625  9330 E FileUtil: Caused by: android.system.ErrnoException: read failed: ENODATA (No data available)
07-07 10:55:40.973  8625  9330 E FileUtil: java.io.IOException: read failed: ENODATA (No data available)
07-07 10:55:40.973  8625  9330 E FileUtil: Caused by: android.system.ErrnoException: read failed: ENODATA (No data available)
07-07 10:55:41.420 19059 19059 W unknown:BridgelessReact: ReactHost{0}.raiseSoftException(onWindowFocusChange(hasFocus = "true")): Tried to access onWindowFocusChange while context is not ready
07-07 10:55:41.421 19059 19059 E unknown:ReactHost: Unhandled SoftException
07-07 10:55:41.421 19059 19059 E unknown:ReactHost: com.facebook.react.bridge.ReactNoCrashSoftException: raiseSoftException(onWindowFocusChange(hasFocus = "true")): Tried to access onWindowFocusChange while context is not ready
07-07 10:55:41.421 19059 19059 E unknown:ReactHost: 	at com.facebook.react.runtime.ReactHostImpl.raiseSoftException(ReactHostImpl.kt:919)
07-07 10:55:41.421 19059 19059 E unknown:ReactHost: 	at com.facebook.react.runtime.ReactHostImpl.raiseSoftException$default(ReactHostImpl.kt:910)
07-07 10:55:42.256 20059 20157 D SessionsDependencies: Dependency to CRASHLYTICS added.
07-07 10:55:42.277 20059 20157 I FirebaseCrashlytics: Initializing Firebase Crashlytics 19.0.0 for com.miui.global.packageinstaller
07-07 10:55:42.295 20059 20157 D SessionsDependencies: Subscriber CRASHLYTICS registered.
07-07 10:55:42.314 20059 20281 V DynamiteModule: Dynamite loader version >= 2, using loadModule2NoCrashUtils
07-07 10:55:42.412 20059 20289 I FirebaseCrashlytics: Saved version control info
07-07 10:55:42.440 20059 20288 E PI-ScanInterceptor: android.content.pm.PackageManager$NameNotFoundException: unknown
07-07 10:55:43.929  8625  9330 E FileUtil: java.io.IOException: read failed: ENODATA (No data available)
07-07 10:55:43.929  8625  9330 E FileUtil: Caused by: android.system.ErrnoException: read failed: ENODATA (No data available)
07-07 10:55:44.301 31045  6394 E ServiceDeliveryCompat: java.lang.IllegalArgumentException: Unknown authority com.miui.personalassistant.servicedeliver.system.provider
07-07 10:55:53.105 19059 19059 V DynamiteModule: Dynamite loader version >= 2, using loadModule2NoCrashUtils
07-07 10:55:53.308  7121 19349 W AsyncOperation: OperationException[Status{statusCode=Stale snapshot for com.google.android.gms.maps#com.anonymous.pokemonapp(new configuration available), resolution=null}]
07-07 10:55:53.665  1859  2070 W ActivityManager: java.io.FileNotFoundException: /sys/fs/cgroup/apps/uid_10342/pid_20421/cgroup.procs: open failed: ENOENT (No such file or directory)
07-07 10:55:53.665  1859  2070 W ActivityManager: Caused by: android.system.ErrnoException: open failed: ENOENT (No such file or directory)
07-07 10:55:53.894  1859  2070 W ActivityManager: java.io.FileNotFoundException: /sys/fs/cgroup/apps/uid_10342/pid_20421/cgroup.procs: open failed: ENOENT (No such file or directory)
07-07 10:55:53.894  1859  2070 W ActivityManager: Caused by: android.system.ErrnoException: open failed: ENOENT (No such file or directory)
07-07 10:55:54.346  1859  2969 E ProcessManager: error write exception log
07-07 10:55:54.390  1859  2969 E ProcessManager: error write exception log
07-07 10:55:54.408  1859  2969 E ProcessManager: error write exception log
07-07 10:55:54.440  1859  2969 E ProcessManager: error write exception log
07-07 10:55:54.447  1859  2969 E ProcessManager: error write exception log
07-07 10:55:54.448  1859  4707 W ActivityManager: Scheduling restart of crashed service com.xiaomi.discover/com.xiaomi.downloader.service.DownloadService in 20000ms for start-requested
07-07 10:55:54.457  1859  2969 E ProcessManager: error write exception log
07-07 10:55:54.466  1859  2969 E ProcessManager: error write exception log
07-07 10:55:54.478  1859  2969 E ProcessManager: error write exception log
07-07 10:55:54.482  1859  2969 E ProcessManager: error write exception log
07-07 10:55:54.488  1859  2969 E ProcessManager: error write exception log
07-07 10:55:54.502  1859  2969 E ProcessManager: error write exception log
07-07 10:55:54.504  1859  2969 E ProcessManager: error write exception log
07-07 10:55:55.291 19059 20415 E AndroidRuntime: FATAL EXCEPTION: androidmapsapi-ula-1
07-07 10:55:55.291 19059 20415 E AndroidRuntime: java.lang.IllegalStateException: API key not found.  Check that <meta-data android:name="com.google.android.geo.API_KEY" android:value="your API key"/> is in the <application> element of AndroidManifest.xml
07-07 10:55:55.318 19059 20549 W FileUtils: Failed to chmod(/data/miuilog/stability/jetrace): android.system.ErrnoException: chmod failed: EACCES (Permission denied)
07-07 10:55:55.331  4885  5184 E JavaExceptionHandler: Process: com.anonymous.pokemonapp, PID: 19059
07-07 10:55:55.331  4885  5184 E JavaExceptionHandler: java.lang.IllegalStateException: API key not found.  Check that <meta-data android:name="com.google.android.geo.API_KEY" android:value="your API key"/> is in the <application> element of AndroidManifest.xml
07-07 10:55:55.331  4885  5184 E JavaExceptionHandler: 	at com.google.maps.api.android.lib6.common.h.b(:com.google.android.gms.policy_maps_core_dynamite@260830207@260830202025.896086277.896086277:117)
07-07 10:55:55.331  4885  5184 E JavaExceptionHandler: 	at com.google.maps.api.android.lib6.impl.hq.run(:com.google.android.gms.policy_maps_core_dynamite@260830207@260830202025.896086277.896086277:586)
07-07 10:55:55.331  4885  5184 E JavaExceptionHandler: 	at java.util.concurrent.ThreadPoolExecutor.runWorker(ThreadPoolExecutor.java:1156)
07-07 10:55:55.331  4885  5184 E JavaExceptionHandler: 	at java.util.concurrent.ThreadPoolExecutor$Worker.run(ThreadPoolExecutor.java:651)
07-07 10:55:55.331  4885  5184 E JavaExceptionHandler: 	at java.lang.Thread.run(Thread.java:1119)
07-07 10:55:55.335  1859 20550 I DropBoxManagerService: add tag=data_app_crash isTagEnabled=true flags=0x2
07-07 10:55:55.337  1859 20550 W AES     : Exception Log handling...
07-07 10:55:55.340  4885  5184 D DigestGenerator: digest=============com.anonymous.pokemonappjava.lang.IllegalStateException: API key not found.  Check that <meta-data android:name="com.google.android.geo.API_KEY" android:value="your API key"/> is in the <application> element of AndroidManifest.xml
07-07 10:55:55.341  1859  4789 I ActivityManager: note: ProcessRecord{8099ab3 19059:com.anonymous.pokemonapp/u0a342} is being killed, reason: APP CRASH(EXCEPTION), sub-reason: UNKNOWN, message: crash
07-07 10:55:55.346  4885  5184 D MiSightJni: MiSight: Java_com_miui_misight_MiSight_nativeSendEvent enter called. '{"Stacktrace":"java.lang.IllegalStateException: API key not found.  Check that <meta-data android:name=\"com.google.android.geo.API_KEY\" android:value=\"your API key\"\/> is in the <application> element of AndroidManifest.xml\n\tat com.google.maps.api.android.lib6.common.h.b(:com.google.android.gms.policy_maps_core_dynamite@260830207@260830202025.896086277.896086277:117)\n\tat com.google.maps.api.android.lib6.impl.hq.run(:com.google.android.gms.policy_maps_core_dynamite@260830207@260830202025.896086277.896086277:586)\n\tat java.util.concurrent.ThreadPoolExecutor.runWorker(ThreadPoolExecutor.java:1156)\n\tat java.util.concurrent.ThreadPoolExecutor$Worker.run(ThreadPoolExecutor.java:651)\n\tat java.lang.Thread.run(Thread.java:1119)\n","CrashType":"java.lang.IllegalStateException","Digest":"d619e9140e478474fbe2d3c32bee5d4c","PackageName":"com.anonymous.pokemonapp","CurrentTime":1783414555300,"Keyword":"{\"vn\":\"1.0.0\",\"vc\":\"1\",\"isRoot
07-07 10:55:55.346  4885  5184 D MiEvent : flatten EventId 901001001 -t 1783414555 -paraList {"CrashType":"java.lang.IllegalStateException","CurrentTime":1783414555300,"Digest":"d619e9140e478474fbe2d3c32bee5d4c","Keyword":"{\"vn\":\"1.0.0\",\"vc\":\"1\",\"isRoot\":false,\"count\":1,\"preInstalled\":false,\"unfold\":false,\"ram\":5,\"rom\":128,\"dialog\":true}","PackageName":"com.anonymous.pokemonapp","Stacktrace":"java.lang.IllegalStateException: API key not found.  Check that <meta-data android:name=\"com.google.android.geo.API_KEY\" android:value=\"your API key\"/> is in the <application> element of AndroidManifest.xml\n\tat com.google.maps.api.android.lib6.common.h.b(:com.google.android.gms.policy_maps_core_dynamite@260830207@260830202025.896086277.896086277:117)\n\tat com.google.maps.api.android.lib6.impl.hq.run(:com.google.android.gms.policy_maps_core_dynamite@260830207@260830202025.896086277.896086277:586)\n\tat java.util.concurrent.ThreadPoolExecutor.runWorker(ThreadPoolExecutor.java:1156)\n\tat java.util.concurrent.ThreadPoolExecutor$Worker.r
07-07 10:55:55.347  4885  5184 D MiEvent : report:EventId 901001001 -t 1783414555 -paraList {"CrashType":"java.lang.IllegalStateException","CurrentTime":1783414555300,"Digest":"d619e9140e478474fbe2d3c32bee5d4c","Keyword":"{\"vn\":\"1.0.0\",\"vc\":\"1\",\"isRoot\":false,\"count\":1,\"preInstalled\":false,\"unfold\":false,\"ram\":5,\"rom\":128,\"dialog\":true}","PackageName":"com.anonymous.pokemonapp","Stacktrace":"java.lang.IllegalStateException: API key not found.  Check that <meta-data android:name=\"com.google.android.geo.API_KEY\" android:value=\"your API key\"/> is in the <application> element of AndroidManifest.xml\n\tat com.google.maps.api.android.lib6.common.h.b(:com.google.android.gms.policy_maps_core_dynamite@260830207@260830202025.896086277.896086277:117)\n\tat com.google.maps.api.android.lib6.impl.hq.run(:com.google.android.gms.policy_maps_core_dynamite@260830207@260830202025.896086277.896086277:586)\n\tat java.util.concurrent.ThreadPoolExecutor.runWorker(ThreadPoolExecutor.java:1156)\n\tat java.util.concurrent.ThreadPoolExecutor$Worker.ru
07-07 10:55:55.348  4885  5184 W MQSEventManager: Method in addExceptionCommetAction, actionCommand is null!
07-07 10:55:55.351  1444  1491 D misight : Execute start execute sql /data/miuilog/misight/event.db:select id,occured_cnt from event_info where event_id = '901001001' and version_id = '2' and param_list = '{"CrashType":"java.lang.IllegalStateException","CurrentTime":1783414555300,"Digest":"d619e9140e478474fbe2d3c32bee5d4c","Keyword":"{\"vn\":\"1.0.0\",\"vc\":\"1\",\"isRoot\":false,\"count\":1,\"preInstalled\":false,\"unfold\":false,\"ram\":5,\"rom\":128,\"dialog\":true}","PackageName":"com.anonymous.pokemonapp","Stacktrace":"java.lang.IllegalStateException: API key not found.  Check that <meta-data android:name=\"com.google.android.geo.API_KEY\" android:value=\"your API key\"/> is in the <application> element of AndroidManifest.xml\n\tat com.google.maps.api.android.lib6.common.h.b(:com.google.android.gms.policy_maps_core_dynamite@260830207@260830202025.896086277.896086277:117)\n\tat com.google.maps.api.android.lib6.impl.hq.run(:com.google.android.gms.policy_maps_core_dynamite@260830207@260830202025.896086277.896086277:586)\n\tat java.util.concurrent.
07-07 10:55:55.354  1444  1491 D misight : Execute start execute sql /data/miuilog/misight/event.db:insert into event_info (event_id,version_id,occured_cnt,first_time,param_list,expire,visible,time_id)  values ( 901001001,2,1,1783414555,'{"CrashType":"java.lang.IllegalStateException","CurrentTime":1783414555300,"Digest":"d619e9140e478474fbe2d3c32bee5d4c","Keyword":"{\"vn\":\"1.0.0\",\"vc\":\"1\",\"isRoot\":false,\"count\":1,\"preInstalled\":false,\"unfold\":false,\"ram\":5,\"rom\":128,\"dialog\":true}","PackageName":"com.anonymous.pokemonapp","Stacktrace":"java.lang.IllegalStateException: API key not found.  Check that <meta-data android:name=\"com.google.android.geo.API_KEY\" android:value=\"your API key\"/> is in the <application> element of AndroidManifest.xml\n\tat com.google.maps.api.android.lib6.common.h.b(:com.google.android.gms.policy_maps_core_dynamite@260830207@260830202025.896086277.896086277:117)\n\tat com.google.maps.api.android.lib6.impl.hq.run(:com.google.android.gms.policy_maps_core_dynamite@260830207@260830202025.896086277.896086277:
07-07 10:55:55.359  1444  1491 D misight : Execute start execute sql /mnt/rescue/misight/event.db:select id,occured_cnt from event_info where event_id = '901001001' and version_id = '2' and param_list = '{"CrashType":"java.lang.IllegalStateException","CurrentTime":1783414555300,"Digest":"d619e9140e478474fbe2d3c32bee5d4c","Keyword":"{\"vn\":\"1.0.0\",\"vc\":\"1\",\"isRoot\":false,\"count\":1,\"preInstalled\":false,\"unfold\":false,\"ram\":5,\"rom\":128,\"dialog\":true}","PackageName":"com.anonymous.pokemonapp","Stacktrace":"java.lang.IllegalStateException: API key not found.  Check that <meta-data android:name=\"com.google.android.geo.API_KEY\" android:value=\"your API key\"/> is in the <application> element of AndroidManifest.xml\n\tat com.google.maps.api.android.lib6.common.h.b(:com.google.android.gms.policy_maps_core_dynamite@260830207@260830202025.896086277.896086277:117)\n\tat com.google.maps.api.android.lib6.impl.hq.run(:com.google.android.gms.policy_maps_core_dynamite@260830207@260830202025.896086277.896086277:586)\n\tat java.util.concurrent.Th
07-07 10:55:55.360 19059 20415 I Process : java.lang.Exception
07-07 10:55:55.360 19059 20415 I Process : 	at com.android.internal.os.RuntimeInit$KillApplicationHandler.uncaughtException(RuntimeInit.java:205)
