--------- beginning of crash
06-01 13:04:37.669 16315 16388 E AndroidRuntime: FATAL EXCEPTION: DefaultDispatcher-worker-3
06-01 13:04:37.669 16315 16388 E AndroidRuntime: java.lang.IllegalArgumentException: User's name must not be empty.
06-02 13:55:50.468  6954  7049 E AndroidRuntime: FATAL EXCEPTION: DefaultDispatcher-worker-4
06-02 13:55:50.468  6954  7049 E AndroidRuntime: java.lang.IllegalArgumentException: User's name must not be empty.
06-03 18:56:14.058 23579 23579 E AndroidRuntime: FATAL EXCEPTION: main
06-03 18:56:14.058 23579 23579 E AndroidRuntime: com.facebook.jni.CppException: Exception in HostFunction: com.facebook.react.bridge.RetryableMountingLayerException: Unable to find viewState for tag 36912. Surface stopped: false
06-03 18:56:14.058 23579 23579 E AndroidRuntime: Error: Exception in HostFunction: com.facebook.react.bridge.RetryableMountingLayerException: Unable to find viewState for tag 36912. Surface stopped: false
06-03 19:07:09.118  7910  7935 E AndroidRuntime: FATAL EXCEPTION: DefaultDispatcher-worker-3
06-03 19:07:09.118  7910  7935 E AndroidRuntime: java.lang.IllegalArgumentException: User's name must not be empty.
06-09 09:16:32.283 30005  2683 E AndroidRuntime: FATAL EXCEPTION: mqt_v_native
06-09 09:16:32.283 30005  2683 E AndroidRuntime: com.facebook.react.common.JavascriptException: Error: No safe area value available. Make sure you are rendering `<SafeAreaProvider>` at the top of your app.
06-09 09:16:32.283 30005  2683 E AndroidRuntime: 	at com.facebook.react.modules.core.ExceptionsManagerModule.reportException(r8-map-id-7cf9eeabdd75686436f41e6db1ad9481b47eb17d66cade808d372d324ef292ac:71)
06-15 10:29:00.646  6920 14275 F libc    : Fatal signal 6 (SIGABRT), code -1 (SI_QUEUE) in tid 14275 (mqt_v_js), pid 6920 (im.filament.app)
06-15 15:02:39.625 23713 25747 F libc    : Fatal signal 6 (SIGABRT), code -1 (SI_QUEUE) in tid 25747 (hades), pid 23713 (im.filament.app)
06-15 16:14:02.909 15230 15306 E AndroidRuntime: FATAL EXCEPTION: DefaultDispatcher-worker-3
06-15 16:14:02.909 15230 15306 E AndroidRuntime: java.lang.IllegalArgumentException: User's name must not be empty.
06-16 11:22:34.055 23774 28446 F libc    : Fatal signal 6 (SIGABRT), code -1 (SI_QUEUE) in tid 28446 (mqt_v_js), pid 23774 (im.filament.app)
06-16 11:24:49.529 31758 32627 F libc    : Fatal signal 6 (SIGABRT), code -1 (SI_QUEUE) in tid 32627 (hades), pid 31758 (im.filament.app)
06-16 11:34:51.443 32398  2447 F libc    : Fatal signal 6 (SIGABRT), code -1 (SI_QUEUE) in tid 2447 (mqt_v_js), pid 32398 (im.filament.app)
06-16 17:57:48.696 17763 21461 F libc    : Fatal signal 6 (SIGABRT), code -1 (SI_QUEUE) in tid 21461 (mqt_v_js), pid 17763 (im.filament.app)
06-16 18:06:35.456 21631 23562 F libc    : Fatal signal 6 (SIGABRT), code -1 (SI_QUEUE) in tid 23562 (hades), pid 21631 (im.filament.app)
06-16 18:22:17.497 26219 28570 F libc    : Fatal signal 6 (SIGABRT), code -1 (SI_QUEUE) in tid 28570 (hades), pid 26219 (im.filament.app)
06-16 18:25:09.311 29329 30354 F libc    : Fatal signal 6 (SIGABRT), code -1 (SI_QUEUE) in tid 30354 (mqt_v_js), pid 29329 (im.filament.app)
06-16 18:35:54.610  2100  3792 F libc    : Fatal signal 6 (SIGABRT), code -1 (SI_QUEUE) in tid 3792 (mqt_v_js), pid 2100 (im.filament.app)
06-16 18:47:02.562  6918  8901 F libc    : Fatal signal 6 (SIGABRT), code -1 (SI_QUEUE) in tid 8901 (mqt_v_js), pid 6918 (im.filament.app)
06-17 10:19:11.541 15542 17573 F libc    : Fatal signal 6 (SIGABRT), code -1 (SI_QUEUE) in tid 17573 (mqt_v_js), pid 15542 (im.filament.app)
06-17 10:25:07.107 15541 18462 F libc    : Fatal signal 6 (SIGABRT), code -1 (SI_QUEUE) in tid 18462 (hades), pid 15541 (im.filament.app)
06-17 10:48:44.538 18617 20207 F libc    : Fatal signal 6 (SIGABRT), code -1 (SI_QUEUE) in tid 20207 (mqt_v_js), pid 18617 (im.filament.app)
06-17 13:57:55.619  2958  3114 E AndroidRuntime: FATAL EXCEPTION: DefaultDispatcher-worker-1
06-17 13:57:55.619  2958  3114 E AndroidRuntime: java.lang.IllegalArgumentException: User's name must not be empty.
06-17 15:52:05.486  7020  7766 F libc    : Fatal signal 6 (SIGABRT), code -1 (SI_QUEUE) in tid 7766 (hades), pid 7020 (im.filament.app)
06-17 15:57:33.042 15051 16631 F libc    : Fatal signal 6 (SIGABRT), code -1 (SI_QUEUE) in tid 16631 (mqt_v_js), pid 15051 (im.filament.app)
06-17 16:09:29.232 17129 19378 F libc    : Fatal signal 6 (SIGABRT), code -1 (SI_QUEUE) in tid 19378 (mqt_v_js), pid 17129 (im.filament.app)
06-17 16:12:26.841 21614 23911 F libc    : Fatal signal 6 (SIGABRT), code -1 (SI_QUEUE) in tid 23911 (mqt_v_js), pid 21614 (im.filament.app)
06-17 16:15:58.846 25294 28660 F libc    : Fatal signal 6 (SIGABRT), code -1 (SI_QUEUE) in tid 28660 (mqt_v_js), pid 25294 (im.filament.app)
06-22 11:28:39.640 10326 10326 E AndroidRuntime: FATAL EXCEPTION: main
06-22 11:28:39.640 10326 10326 E AndroidRuntime: java.lang.NullPointerException
07-06 16:04:52.274 23195 25729 F libc    : Fatal signal 11 (SIGSEGV), code 1 (SEGV_MAPERR), fault addr 0x193020489040003 in tid 25729 (mqt_v_js), pid 23195 (st.exp.exponent)
07-06 16:05:14.936 23793 26042 F libc    : Fatal signal 11 (SIGSEGV), code 1 (SEGV_MAPERR), fault addr 0x193020489040003 in tid 26042 (mqt_v_js), pid 23793 (st.exp.exponent)
07-06 16:06:15.361 24768 26285 F libc    : Fatal signal 11 (SIGSEGV), code 1 (SEGV_MAPERR), fault addr 0x193020489040003 in tid 26285 (mqt_v_js), pid 24768 (st.exp.exponent)
07-06 16:06:27.590 25679 26489 F libc    : Fatal signal 11 (SIGSEGV), code 1 (SEGV_MAPERR), fault addr 0x193020489040003 in tid 26489 (mqt_v_js), pid 25679 (st.exp.exponent)
07-06 16:07:17.528 25969 27021 F libc    : Fatal signal 11 (SIGSEGV), code 1 (SEGV_MAPERR), fault addr 0x193020489040003 in tid 27021 (mqt_v_js), pid 25969 (st.exp.exponent)
07-06 20:05:37.060  1859  2969 E ProcessManager: error write exception log
07-06 20:05:37.143  1859  2969 E ProcessManager: error write exception log
07-06 20:05:37.265  1859  2969 E ProcessManager: error write exception log
07-06 20:05:37.388  1859  2969 E ProcessManager: error write exception log
07-06 20:05:37.505  1859  2969 E ProcessManager: error write exception log
07-06 20:05:37.590  1859  3164 D PowerManagerService: [xiaomi_power]acquireWakeLockInternal: lock=85946290, flags=0x1, tag="Application creation -> Application.onCreate -> Startup Listeners -> CrashStartupListener", ws=null, uid=10201, pid=431
07-06 20:05:37.590  1859  3164 I PowerManagerServiceImpl: Partial wakeLock:[PARTIAL_WAKE_LOCK                 'Application creation -> Application.onCreate -> Startup Listeners -> CrashStartupListener' (uid=10201 pid=431 pkg=com.google.android.apps.tachyon)], disabled: true, procState: 19, reason: Process Priority
07-06 20:05:37.597  1859  3651 D PowerManagerService: [xiaomi_power]releaseWakeLockInternal: lock=85946290 [Application creation -> Application.onCreate -> Startup Listeners -> CrashStartupListener], flags=0x0
07-06 20:05:37.662  1859  2969 E ProcessManager: error write exception log
07-06 20:05:37.728  1859  2969 E ProcessManager: error write exception log
07-06 20:05:38.354  1859  2969 E ProcessManager: error write exception log
07-06 20:05:38.859  1859  2969 E ProcessManager: error write exception log
07-06 20:05:41.274  1859  2969 E ProcessManager: error write exception log
07-06 20:05:41.709  1859  2969 E ProcessManager: error write exception log
07-06 20:05:41.859  1859  2969 E ProcessManager: error write exception log
07-06 20:05:41.961  1859  2969 E ProcessManager: error write exception log
07-06 20:05:42.564  1859  2969 E ProcessManager: error write exception log
07-06 20:05:42.693  1859  2969 E ProcessManager: error write exception log
07-06 20:05:43.098  1859  2969 E ProcessManager: error write exception log
07-06 20:05:43.257  1859  2969 E ProcessManager: error write exception log
07-06 20:05:43.766  1859  2969 E ProcessManager: error write exception log
07-06 20:05:43.914  1859  2969 E ProcessManager: error write exception log
07-06 20:05:44.592  1859  2969 E ProcessManager: error write exception log
07-06 20:15:54.330  1859  2937 E DeviceGuardManagerImpl: onBootPhase:PHASE_SYSTEM_SERVICES_READY init miguardservice failed. Exception e = 
07-06 20:15:54.330  1859  2937 E DeviceGuardManagerImpl: java.util.NoSuchElementException
07-06 20:15:56.972  1859  2937 E DeviceGuardManagerImpl: onBootPhase:PHASE_SYSTEM_SERVICES_READY init miguardservice failed. Exception e = 
07-06 20:15:56.972  1859  2937 E DeviceGuardManagerImpl: java.util.NoSuchElementException
07-06 20:16:12.975  1859  2073 E BluetoothPowerStatsCollector: java.util.concurrent.ExecutionException: java.lang.RuntimeException: error: 11
07-06 20:16:12.975  1859  2073 E BluetoothPowerStatsCollector: Caused by: java.lang.RuntimeException: error: 11
07-06 20:16:13.140  1859  2073 E BluetoothPowerStatsCollector: java.util.concurrent.ExecutionException: java.lang.RuntimeException: error: 11
07-06 20:16:13.140  1859  2073 E BluetoothPowerStatsCollector: Caused by: java.lang.RuntimeException: error: 11
07-06 20:16:13.297  1859  2073 E BluetoothPowerStatsCollector: java.util.concurrent.ExecutionException: java.lang.RuntimeException: error: 11
07-06 20:16:13.297  1859  2073 E BluetoothPowerStatsCollector: Caused by: java.lang.RuntimeException: error: 11
07-06 21:00:42.996  1859  2073 E BluetoothPowerStatsCollector: java.util.concurrent.ExecutionException: java.lang.RuntimeException: error: 11
07-06 21:00:42.996  1859  2073 E BluetoothPowerStatsCollector: Caused by: java.lang.RuntimeException: error: 11
07-06 21:00:43.219  1859  2073 E BluetoothPowerStatsCollector: java.util.concurrent.ExecutionException: java.lang.RuntimeException: error: 11
07-06 21:00:43.219  1859  2073 E BluetoothPowerStatsCollector: Caused by: java.lang.RuntimeException: error: 11
07-06 21:00:43.371  1859  2073 E BluetoothPowerStatsCollector: java.util.concurrent.ExecutionException: java.lang.RuntimeException: error: 11
07-06 21:00:43.371  1859  2073 E BluetoothPowerStatsCollector: Caused by: java.lang.RuntimeException: error: 11
07-06 21:00:43.654  1859  2073 E BluetoothPowerStatsCollector: java.util.concurrent.ExecutionException: java.lang.RuntimeException: error: 11
07-06 21:00:43.654  1859  2073 E BluetoothPowerStatsCollector: Caused by: java.lang.RuntimeException: error: 11
07-06 21:00:43.765  1859  2969 E ProcessManager: error write exception log
07-06 21:31:07.009  1859  2073 E BluetoothPowerStatsCollector: java.util.concurrent.ExecutionException: java.lang.RuntimeException: error: 11
07-06 21:31:07.009  1859  2073 E BluetoothPowerStatsCollector: Caused by: java.lang.RuntimeException: error: 11
07-06 21:31:07.203  1859  2073 E BluetoothPowerStatsCollector: java.util.concurrent.ExecutionException: java.lang.RuntimeException: error: 11
07-06 21:31:07.203  1859  2073 E BluetoothPowerStatsCollector: Caused by: java.lang.RuntimeException: error: 11
07-06 21:31:07.207  1859  2073 E BluetoothPowerStatsCollector: java.util.concurrent.ExecutionException: java.lang.RuntimeException: error: 11
07-06 21:31:07.207  1859  2073 E BluetoothPowerStatsCollector: Caused by: java.lang.RuntimeException: error: 11
07-06 21:31:07.365  1859  2073 E BluetoothPowerStatsCollector: java.util.concurrent.ExecutionException: java.lang.RuntimeException: error: 11
07-06 21:31:07.365  1859  2073 E BluetoothPowerStatsCollector: Caused by: java.lang.RuntimeException: error: 11
07-06 22:00:44.986  1859  2073 E BluetoothPowerStatsCollector: java.util.concurrent.ExecutionException: java.lang.RuntimeException: error: 11
07-06 22:00:44.986  1859  2073 E BluetoothPowerStatsCollector: Caused by: java.lang.RuntimeException: error: 11
07-06 22:00:45.157  1859  2073 E BluetoothPowerStatsCollector: java.util.concurrent.ExecutionException: java.lang.RuntimeException: error: 11
07-06 22:00:45.157  1859  2073 E BluetoothPowerStatsCollector: Caused by: java.lang.RuntimeException: error: 11
07-06 22:00:45.292  1859  2073 E BluetoothPowerStatsCollector: java.util.concurrent.ExecutionException: java.lang.RuntimeException: error: 11
07-06 22:00:45.292  1859  2073 E BluetoothPowerStatsCollector: Caused by: java.lang.RuntimeException: error: 11
07-06 22:00:45.476  1859  2073 E BluetoothPowerStatsCollector: java.util.concurrent.ExecutionException: java.lang.RuntimeException: error: 11
07-06 22:00:45.476  1859  2073 E BluetoothPowerStatsCollector: Caused by: java.lang.RuntimeException: error: 11
07-06 22:15:57.004  1859  2073 E BluetoothPowerStatsCollector: java.util.concurrent.ExecutionException: java.lang.RuntimeException: error: 11
07-06 22:15:57.004  1859  2073 E BluetoothPowerStatsCollector: Caused by: java.lang.RuntimeException: error: 11
07-06 23:00:47.000  1859  2073 E BluetoothPowerStatsCollector: java.util.concurrent.ExecutionException: java.lang.RuntimeException: error: 11
07-06 23:00:47.000  1859  2073 E BluetoothPowerStatsCollector: Caused by: java.lang.RuntimeException: error: 11
07-06 23:00:47.198  1859  2073 E BluetoothPowerStatsCollector: java.util.concurrent.ExecutionException: java.lang.RuntimeException: error: 11
07-06 23:00:47.198  1859  2073 E BluetoothPowerStatsCollector: Caused by: java.lang.RuntimeException: error: 11
07-06 23:00:47.337  1859  2073 E BluetoothPowerStatsCollector: java.util.concurrent.ExecutionException: java.lang.RuntimeException: error: 11
07-06 23:00:47.337  1859  2073 E BluetoothPowerStatsCollector: Caused by: java.lang.RuntimeException: error: 11
07-06 23:00:47.559  1859  2073 E BluetoothPowerStatsCollector: java.util.concurrent.ExecutionException: java.lang.RuntimeException: error: 11
07-06 23:00:47.559  1859  2073 E BluetoothPowerStatsCollector: Caused by: java.lang.RuntimeException: error: 11
07-06 23:16:07.055  1859  2073 E BluetoothPowerStatsCollector: java.util.concurrent.ExecutionException: java.lang.RuntimeException: error: 11
07-06 23:16:07.055  1859  2073 E BluetoothPowerStatsCollector: Caused by: java.lang.RuntimeException: error: 11
07-06 23:16:07.220  1859  2073 E BluetoothPowerStatsCollector: java.util.concurrent.ExecutionException: java.lang.RuntimeException: error: 11
07-06 23:16:07.220  1859  2073 E BluetoothPowerStatsCollector: Caused by: java.lang.RuntimeException: error: 11
07-06 23:16:07.339  1859  2073 E BluetoothPowerStatsCollector: java.util.concurrent.ExecutionException: java.lang.RuntimeException: error: 11
07-06 23:16:07.339  1859  2073 E BluetoothPowerStatsCollector: Caused by: java.lang.RuntimeException: error: 11
07-07 00:00:01.057  1859  2073 E BluetoothPowerStatsCollector: java.util.concurrent.ExecutionException: java.lang.RuntimeException: error: 11
07-07 00:00:01.057  1859  2073 E BluetoothPowerStatsCollector: Caused by: java.lang.RuntimeException: error: 11
07-07 00:00:01.262  1859  2073 E BluetoothPowerStatsCollector: java.util.concurrent.ExecutionException: java.lang.RuntimeException: error: 11
07-07 00:00:01.262  1859  2073 E BluetoothPowerStatsCollector: Caused by: java.lang.RuntimeException: error: 11
07-07 00:00:01.377  1859  2073 E BluetoothPowerStatsCollector: java.util.concurrent.ExecutionException: java.lang.RuntimeException: error: 11
07-07 00:00:01.377  1859  2073 E BluetoothPowerStatsCollector: Caused by: java.lang.RuntimeException: error: 11
07-07 00:00:49.028  1859  2073 E BluetoothPowerStatsCollector: java.util.concurrent.ExecutionException: java.lang.RuntimeException: error: 11
07-07 00:00:49.028  1859  2073 E BluetoothPowerStatsCollector: Caused by: java.lang.RuntimeException: error: 11
07-07 00:01:07.955  1859  2969 E ProcessManager: error write exception log
07-07 00:01:08.069  1859  2969 E ProcessManager: error write exception log
07-07 00:06:06.390  1859  2969 E ProcessManager: error write exception log
07-07 00:06:06.513  1859  2969 E ProcessManager: error write exception log
07-07 00:06:06.703  1859  2969 E ProcessManager: error write exception log
07-07 00:06:07.226  1859  2969 E ProcessManager: error write exception log
07-07 00:06:08.961  1859  2969 E ProcessManager: error write exception log
07-07 00:06:09.755  1859  2969 E ProcessManager: error write exception log
07-07 00:06:10.503  1859  2969 E ProcessManager: error write exception log
07-07 00:06:10.582  1859  2969 E ProcessManager: error write exception log
07-07 00:06:11.268  1859  2969 E ProcessManager: error write exception log
07-07 00:06:27.904  1859  2969 E ProcessManager: error write exception log
07-07 00:15:58.312  1859  2937 E DeviceGuardManagerImpl: onBootPhase:PHASE_SYSTEM_SERVICES_READY init miguardservice failed. Exception e = 
07-07 00:15:58.312  1859  2937 E DeviceGuardManagerImpl: java.util.NoSuchElementException
07-07 00:16:00.629  1859  2937 E DeviceGuardManagerImpl: onBootPhase:PHASE_SYSTEM_SERVICES_READY init miguardservice failed. Exception e = 
07-07 00:16:00.629  1859  2937 E DeviceGuardManagerImpl: java.util.NoSuchElementException
07-07 00:16:16.994  1859  2073 E BluetoothPowerStatsCollector: java.util.concurrent.ExecutionException: java.lang.RuntimeException: error: 11
07-07 00:16:16.994  1859  2073 E BluetoothPowerStatsCollector: Caused by: java.lang.RuntimeException: error: 11
07-07 00:16:17.150  1859  2073 E BluetoothPowerStatsCollector: java.util.concurrent.ExecutionException: java.lang.RuntimeException: error: 11
07-07 00:16:17.150  1859  2073 E BluetoothPowerStatsCollector: Caused by: java.lang.RuntimeException: error: 11
07-07 00:16:17.283  1859  2073 E BluetoothPowerStatsCollector: java.util.concurrent.ExecutionException: java.lang.RuntimeException: error: 11
07-07 00:16:17.283  1859  2073 E BluetoothPowerStatsCollector: Caused by: java.lang.RuntimeException: error: 11
07-07 00:31:57.858  1859  2073 E BluetoothPowerStatsCollector: java.util.concurrent.ExecutionException: java.lang.RuntimeException: error: 11
07-07 00:31:57.858  1859  2073 E BluetoothPowerStatsCollector: Caused by: java.lang.RuntimeException: error: 11
07-07 00:31:58.022  1859  2073 E BluetoothPowerStatsCollector: java.util.concurrent.ExecutionException: java.lang.RuntimeException: error: 11
07-07 00:31:58.022  1859  2073 E BluetoothPowerStatsCollector: Caused by: java.lang.RuntimeException: error: 11
07-07 00:31:58.164  1859  2073 E BluetoothPowerStatsCollector: java.util.concurrent.ExecutionException: java.lang.RuntimeException: error: 11
07-07 00:31:58.164  1859  2073 E BluetoothPowerStatsCollector: Caused by: java.lang.RuntimeException: error: 11
07-07 01:00:50.976  1859  2073 E BluetoothPowerStatsCollector: java.util.concurrent.ExecutionException: java.lang.RuntimeException: error: 11
07-07 01:00:50.976  1859  2073 E BluetoothPowerStatsCollector: Caused by: java.lang.RuntimeException: error: 11
07-07 01:00:51.127  1859  2073 E BluetoothPowerStatsCollector: java.util.concurrent.ExecutionException: java.lang.RuntimeException: error: 11
07-07 01:00:51.127  1859  2073 E BluetoothPowerStatsCollector: Caused by: java.lang.RuntimeException: error: 11
07-07 01:00:51.269  1859  2073 E BluetoothPowerStatsCollector: java.util.concurrent.ExecutionException: java.lang.RuntimeException: error: 11
07-07 01:00:51.269  1859  2073 E BluetoothPowerStatsCollector: Caused by: java.lang.RuntimeException: error: 11
07-07 01:00:51.509  1859  2073 E BluetoothPowerStatsCollector: java.util.concurrent.ExecutionException: java.lang.RuntimeException: error: 11
07-07 01:00:51.509  1859  2073 E BluetoothPowerStatsCollector: Caused by: java.lang.RuntimeException: error: 11
07-07 01:01:07.373  1859  2969 E ProcessManager: error write exception log
07-07 02:00:52.974  1859  2073 E BluetoothPowerStatsCollector: java.util.concurrent.ExecutionException: java.lang.RuntimeException: error: 11
07-07 02:00:52.974  1859  2073 E BluetoothPowerStatsCollector: Caused by: java.lang.RuntimeException: error: 11
07-07 02:00:53.187  1859  2073 E BluetoothPowerStatsCollector: java.util.concurrent.ExecutionException: java.lang.RuntimeException: error: 11
07-07 02:00:53.187  1859  2073 E BluetoothPowerStatsCollector: Caused by: java.lang.RuntimeException: error: 11
07-07 02:00:53.320  1859  2073 E BluetoothPowerStatsCollector: java.util.concurrent.ExecutionException: java.lang.RuntimeException: error: 11
07-07 02:00:53.320  1859  2073 E BluetoothPowerStatsCollector: Caused by: java.lang.RuntimeException: error: 11
07-07 02:00:53.509  1859  2073 E BluetoothPowerStatsCollector: java.util.concurrent.ExecutionException: java.lang.RuntimeException: error: 11
07-07 02:00:53.509  1859  2073 E BluetoothPowerStatsCollector: Caused by: java.lang.RuntimeException: error: 11
07-07 02:46:08.102  1859  2073 E BluetoothPowerStatsCollector: java.util.concurrent.ExecutionException: java.lang.RuntimeException: error: 11
07-07 02:46:08.102  1859  2073 E BluetoothPowerStatsCollector: Caused by: java.lang.RuntimeException: error: 11
07-07 02:46:08.299  1859  2073 E BluetoothPowerStatsCollector: java.util.concurrent.ExecutionException: java.lang.RuntimeException: error: 11
07-07 02:46:08.299  1859  2073 E BluetoothPowerStatsCollector: Caused by: java.lang.RuntimeException: error: 11
07-07 02:46:08.437  1859  2073 E BluetoothPowerStatsCollector: java.util.concurrent.ExecutionException: java.lang.RuntimeException: error: 11
07-07 02:46:08.437  1859  2073 E BluetoothPowerStatsCollector: Caused by: java.lang.RuntimeException: error: 11
07-07 02:46:08.573  1859  2073 E BluetoothPowerStatsCollector: java.util.concurrent.ExecutionException: java.lang.RuntimeException: error: 11
07-07 02:46:08.573  1859  2073 E BluetoothPowerStatsCollector: Caused by: java.lang.RuntimeException: error: 11
07-07 03:00:54.978  1859  2073 E BluetoothPowerStatsCollector: java.util.concurrent.ExecutionException: java.lang.RuntimeException: error: 11
07-07 03:00:54.978  1859  2073 E BluetoothPowerStatsCollector: Caused by: java.lang.RuntimeException: error: 11
07-07 03:00:55.131  1859  2073 E BluetoothPowerStatsCollector: java.util.concurrent.ExecutionException: java.lang.RuntimeException: error: 11
07-07 03:00:55.131  1859  2073 E BluetoothPowerStatsCollector: Caused by: java.lang.RuntimeException: error: 11
07-07 03:00:55.281  1859  2073 E BluetoothPowerStatsCollector: java.util.concurrent.ExecutionException: java.lang.RuntimeException: error: 11
07-07 03:00:55.281  1859  2073 E BluetoothPowerStatsCollector: Caused by: java.lang.RuntimeException: error: 11
07-07 04:00:56.982  1859  2073 E BluetoothPowerStatsCollector: java.util.concurrent.ExecutionException: java.lang.RuntimeException: error: 11
07-07 04:00:56.982  1859  2073 E BluetoothPowerStatsCollector: Caused by: java.lang.RuntimeException: error: 11
07-07 04:00:57.245  1859  2073 E BluetoothPowerStatsCollector: java.util.concurrent.ExecutionException: java.lang.RuntimeException: error: 11
07-07 04:00:57.245  1859  2073 E BluetoothPowerStatsCollector: Caused by: java.lang.RuntimeException: error: 11
07-07 04:00:57.456  1859  2073 E BluetoothPowerStatsCollector: java.util.concurrent.ExecutionException: java.lang.RuntimeException: error: 11
07-07 04:00:57.456  1859  2073 E BluetoothPowerStatsCollector: Caused by: java.lang.RuntimeException: error: 11
07-07 04:00:57.634  1859  2073 E BluetoothPowerStatsCollector: java.util.concurrent.ExecutionException: java.lang.RuntimeException: error: 11
07-07 04:00:57.634  1859  2073 E BluetoothPowerStatsCollector: Caused by: java.lang.RuntimeException: error: 11
07-07 04:16:02.177  1859  2937 E DeviceGuardManagerImpl: onBootPhase:PHASE_SYSTEM_SERVICES_READY init miguardservice failed. Exception e = 
07-07 04:16:02.177  1859  2937 E DeviceGuardManagerImpl: java.util.NoSuchElementException
07-07 04:16:04.429  1859  2937 E DeviceGuardManagerImpl: onBootPhase:PHASE_SYSTEM_SERVICES_READY init miguardservice failed. Exception e = 
07-07 04:16:04.429  1859  2937 E DeviceGuardManagerImpl: java.util.NoSuchElementException
07-07 04:16:21.022  1859  2073 E BluetoothPowerStatsCollector: java.util.concurrent.ExecutionException: java.lang.RuntimeException: error: 11
07-07 04:16:21.022  1859  2073 E BluetoothPowerStatsCollector: Caused by: java.lang.RuntimeException: error: 11
07-07 04:16:21.209  1859  2073 E BluetoothPowerStatsCollector: java.util.concurrent.ExecutionException: java.lang.RuntimeException: error: 11
07-07 04:16:21.209  1859  2073 E BluetoothPowerStatsCollector: Caused by: java.lang.RuntimeException: error: 11
07-07 04:16:21.385  1859  2073 E BluetoothPowerStatsCollector: java.util.concurrent.ExecutionException: java.lang.RuntimeException: error: 11
07-07 04:16:21.385  1859  2073 E BluetoothPowerStatsCollector: Caused by: java.lang.RuntimeException: error: 11
07-07 05:00:57.995  1859  2073 E BluetoothPowerStatsCollector: java.util.concurrent.ExecutionException: java.lang.RuntimeException: error: 11
07-07 05:00:57.995  1859  2073 E BluetoothPowerStatsCollector: Caused by: java.lang.RuntimeException: error: 11
07-07 05:00:58.168  1859  2073 E BluetoothPowerStatsCollector: java.util.concurrent.ExecutionException: java.lang.RuntimeException: error: 11
07-07 05:00:58.168  1859  2073 E BluetoothPowerStatsCollector: Caused by: java.lang.RuntimeException: error: 11
07-07 05:00:58.321  1859  2073 E BluetoothPowerStatsCollector: java.util.concurrent.ExecutionException: java.lang.RuntimeException: error: 11
07-07 05:00:58.321  1859  2073 E BluetoothPowerStatsCollector: Caused by: java.lang.RuntimeException: error: 11
07-07 05:00:58.720  1859  2073 E BluetoothPowerStatsCollector: java.util.concurrent.ExecutionException: java.lang.RuntimeException: error: 11
07-07 05:00:58.720  1859  2073 E BluetoothPowerStatsCollector: Caused by: java.lang.RuntimeException: error: 11
07-07 06:00:59.993  1859  2073 E BluetoothPowerStatsCollector: java.util.concurrent.ExecutionException: java.lang.RuntimeException: error: 11
07-07 06:00:59.993  1859  2073 E BluetoothPowerStatsCollector: Caused by: java.lang.RuntimeException: error: 11
07-07 06:01:00.167  1859  2073 E BluetoothPowerStatsCollector: java.util.concurrent.ExecutionException: java.lang.RuntimeException: error: 11
07-07 06:01:00.167  1859  2073 E BluetoothPowerStatsCollector: Caused by: java.lang.RuntimeException: error: 11
07-07 06:01:00.313  1859  2073 E BluetoothPowerStatsCollector: java.util.concurrent.ExecutionException: java.lang.RuntimeException: error: 11
07-07 06:01:00.313  1859  2073 E BluetoothPowerStatsCollector: Caused by: java.lang.RuntimeException: error: 11
07-07 06:01:00.638  1859  2073 E BluetoothPowerStatsCollector: java.util.concurrent.ExecutionException: java.lang.RuntimeException: error: 11
07-07 06:01:00.638  1859  2073 E BluetoothPowerStatsCollector: Caused by: java.lang.RuntimeException: error: 11
07-07 06:06:38.629  1859  2969 E ProcessManager: error write exception log
07-07 06:06:41.053  1859  2969 E ProcessManager: error write exception log
07-07 06:06:41.159  1859  2969 E ProcessManager: error write exception log
07-07 06:06:41.217  1859  2969 E ProcessManager: error write exception log
07-07 06:06:41.385  1859  3249 D PowerManagerService: [xiaomi_power]acquireWakeLockInternal: lock=39481978, flags=0x1, tag="Application creation -> Application.onCreate -> Startup Listeners -> CrashStartupListener", ws=null, uid=10201, pid=5247
07-07 06:06:41.385  1859  3249 I PowerManagerServiceImpl: Partial wakeLock:[PARTIAL_WAKE_LOCK                 'Application creation -> Application.onCreate -> Startup Listeners -> CrashStartupListener' (uid=10201 pid=5247 pkg=com.google.android.apps.tachyon)], disabled: true, procState: 19, reason: Process Priority
07-07 06:06:41.396  1859  2969 E ProcessManager: error write exception log
07-07 06:06:41.400  1859  3763 D PowerManagerService: [xiaomi_power]releaseWakeLockInternal: lock=39481978 [Application creation -> Application.onCreate -> Startup Listeners -> CrashStartupListener], flags=0x0
07-07 06:06:41.579  1859  2969 E ProcessManager: error write exception log
07-07 06:06:41.661  1859  2969 E ProcessManager: error write exception log
07-07 06:06:41.965  1859  2969 E ProcessManager: error write exception log
07-07 06:06:42.018  1859  2969 E ProcessManager: error write exception log
07-07 06:06:42.055  1859  2969 E ProcessManager: error write exception log
07-07 06:06:42.144  1859  2969 E ProcessManager: error write exception log
07-07 06:06:42.177  1859  2969 E ProcessManager: error write exception log
07-07 06:06:42.268  1859  2969 E ProcessManager: error write exception log
07-07 06:06:42.626  1859  2969 E ProcessManager: error write exception log
07-07 06:06:42.746  1859  2969 E ProcessManager: error write exception log
07-07 06:06:42.933  1859  2969 E ProcessManager: error write exception log
07-07 06:06:44.198  1859  2070 W ActivityManager: java.io.FileNotFoundException: /sys/fs/cgroup/apps/uid_10148/pid_5726/cgroup.procs: open failed: ENOENT (No such file or directory)
07-07 06:06:44.198  1859  2070 W ActivityManager: Caused by: android.system.ErrnoException: open failed: ENOENT (No such file or directory)
07-07 06:06:44.298  1859  2969 E ProcessManager: error write exception log
07-07 06:06:44.485  1859  2969 E ProcessManager: error write exception log
07-07 06:06:44.570  1859  2070 W ActivityManager: java.io.FileNotFoundException: /sys/fs/cgroup/apps/uid_10148/pid_5726/cgroup.procs: open failed: ENOENT (No such file or directory)
07-07 06:06:44.570  1859  2070 W ActivityManager: Caused by: android.system.ErrnoException: open failed: ENOENT (No such file or directory)
07-07 06:06:44.729  1859  2070 W ActivityManager: java.io.FileNotFoundException: /sys/fs/cgroup/apps/uid_10148/pid_5726/cgroup.procs: open failed: ENOENT (No such file or directory)
07-07 06:06:44.729  1859  2070 W ActivityManager: Caused by: android.system.ErrnoException: open failed: ENOENT (No such file or directory)
07-07 06:06:48.588  1859  2969 E ProcessManager: error write exception log
07-07 06:06:49.603  1859  2969 E ProcessManager: error write exception log
07-07 06:06:52.817  1859  2969 E ProcessManager: error write exception log
07-07 06:06:52.973  1859  2969 E ProcessManager: error write exception log
07-07 06:12:37.292  1859  2073 W ActivityManager: java.io.FileNotFoundException: /sys/fs/cgroup/apps/uid_10168/pid_31461/cgroup.procs: open failed: ENOENT (No such file or directory)
07-07 06:12:37.292  1859  2073 W ActivityManager: Caused by: android.system.ErrnoException: open failed: ENOENT (No such file or directory)
07-07 06:12:37.295  1859  2073 W ActivityManager: java.io.FileNotFoundException: /sys/fs/cgroup/apps/uid_10164/pid_6629/cgroup.procs: open failed: ENOENT (No such file or directory)
07-07 06:12:37.295  1859  2073 W ActivityManager: Caused by: android.system.ErrnoException: open failed: ENOENT (No such file or directory)
07-07 06:12:37.296  1859  2073 W ActivityManager: java.io.FileNotFoundException: /sys/fs/cgroup/apps/uid_10148/pid_5726/cgroup.procs: open failed: ENOENT (No such file or directory)
07-07 06:12:37.296  1859  2073 W ActivityManager: Caused by: android.system.ErrnoException: open failed: ENOENT (No such file or directory)
07-07 07:00:01.046  1859  2073 E BluetoothPowerStatsCollector: java.util.concurrent.ExecutionException: java.lang.RuntimeException: error: 11
07-07 07:00:01.046  1859  2073 E BluetoothPowerStatsCollector: Caused by: java.lang.RuntimeException: error: 11
07-07 07:00:01.330  1859  2073 E BluetoothPowerStatsCollector: java.util.concurrent.ExecutionException: java.lang.RuntimeException: error: 11
07-07 07:00:01.330  1859  2073 E BluetoothPowerStatsCollector: Caused by: java.lang.RuntimeException: error: 11
07-07 07:00:01.549  1859  2073 E BluetoothPowerStatsCollector: java.util.concurrent.ExecutionException: java.lang.RuntimeException: error: 11
07-07 07:00:01.549  1859  2073 E BluetoothPowerStatsCollector: Caused by: java.lang.RuntimeException: error: 11
07-07 07:00:01.750  1859  2073 E BluetoothPowerStatsCollector: java.util.concurrent.ExecutionException: java.lang.RuntimeException: error: 11
07-07 07:00:01.750  1859  2073 E BluetoothPowerStatsCollector: Caused by: java.lang.RuntimeException: error: 11
07-07 07:10:18.041  1859  2073 E BluetoothPowerStatsCollector: java.util.concurrent.ExecutionException: java.lang.RuntimeException: error: 11
07-07 07:10:18.041  1859  2073 E BluetoothPowerStatsCollector: Caused by: java.lang.RuntimeException: error: 11
07-07 07:10:18.086  1859  2969 E ProcessManager: error write exception log
07-07 07:10:18.193  1859  2073 E BluetoothPowerStatsCollector: java.util.concurrent.ExecutionException: java.lang.RuntimeException: error: 11
07-07 07:10:18.193  1859  2073 E BluetoothPowerStatsCollector: Caused by: java.lang.RuntimeException: error: 11
07-07 07:10:18.293  1859  2969 E ProcessManager: error write exception log
07-07 07:10:18.346  1859  2073 E BluetoothPowerStatsCollector: java.util.concurrent.ExecutionException: java.lang.RuntimeException: error: 11
07-07 07:10:18.346  1859  2073 E BluetoothPowerStatsCollector: Caused by: java.lang.RuntimeException: error: 11
07-07 07:46:07.076  1859  2073 E BluetoothPowerStatsCollector: java.util.concurrent.ExecutionException: java.lang.RuntimeException: error: 11
07-07 07:46:07.076  1859  2073 E BluetoothPowerStatsCollector: Caused by: java.lang.RuntimeException: error: 11
07-07 07:46:07.304  1859  2073 E BluetoothPowerStatsCollector: java.util.concurrent.ExecutionException: java.lang.RuntimeException: error: 11
07-07 07:46:07.304  1859  2073 E BluetoothPowerStatsCollector: Caused by: java.lang.RuntimeException: error: 11
07-07 07:46:07.532  1859  2073 E BluetoothPowerStatsCollector: java.util.concurrent.ExecutionException: java.lang.RuntimeException: error: 11
07-07 07:46:07.532  1859  2073 E BluetoothPowerStatsCollector: Caused by: java.lang.RuntimeException: error: 11
07-07 08:10:18.991  1859  2073 E BluetoothPowerStatsCollector: java.util.concurrent.ExecutionException: java.lang.RuntimeException: error: 11
07-07 08:10:18.991  1859  2073 E BluetoothPowerStatsCollector: Caused by: java.lang.RuntimeException: error: 11
07-07 08:10:19.176  1859  2073 E BluetoothPowerStatsCollector: java.util.concurrent.ExecutionException: java.lang.RuntimeException: error: 11
07-07 08:10:19.176  1859  2073 E BluetoothPowerStatsCollector: Caused by: java.lang.RuntimeException: error: 11
07-07 08:10:19.342  1859  2073 E BluetoothPowerStatsCollector: java.util.concurrent.ExecutionException: java.lang.RuntimeException: error: 11
07-07 08:10:19.342  1859  2073 E BluetoothPowerStatsCollector: Caused by: java.lang.RuntimeException: error: 11
07-07 08:10:19.688  1859  2073 E BluetoothPowerStatsCollector: java.util.concurrent.ExecutionException: java.lang.RuntimeException: error: 11
07-07 08:10:19.688  1859  2073 E BluetoothPowerStatsCollector: Caused by: java.lang.RuntimeException: error: 11
07-07 08:16:06.208  1859  2937 E DeviceGuardManagerImpl: onBootPhase:PHASE_SYSTEM_SERVICES_READY init miguardservice failed. Exception e = 
07-07 08:16:06.208  1859  2937 E DeviceGuardManagerImpl: java.util.NoSuchElementException
07-07 08:16:08.419  1859  2937 E DeviceGuardManagerImpl: onBootPhase:PHASE_SYSTEM_SERVICES_READY init miguardservice failed. Exception e = 
07-07 08:16:08.419  1859  2937 E DeviceGuardManagerImpl: java.util.NoSuchElementException
07-07 09:10:20.982  1859  2073 E BluetoothPowerStatsCollector: java.util.concurrent.ExecutionException: java.lang.RuntimeException: error: 11
07-07 09:10:20.982  1859  2073 E BluetoothPowerStatsCollector: Caused by: java.lang.RuntimeException: error: 11
07-07 09:10:21.155  1859  2073 E BluetoothPowerStatsCollector: java.util.concurrent.ExecutionException: java.lang.RuntimeException: error: 11
07-07 09:10:21.155  1859  2073 E BluetoothPowerStatsCollector: Caused by: java.lang.RuntimeException: error: 11
07-07 09:10:21.405  1859  2073 E BluetoothPowerStatsCollector: java.util.concurrent.ExecutionException: java.lang.RuntimeException: error: 11
07-07 09:10:21.405  1859  2073 E BluetoothPowerStatsCollector: Caused by: java.lang.RuntimeException: error: 11
07-07 09:10:21.840  1859  2073 E BluetoothPowerStatsCollector: java.util.concurrent.ExecutionException: java.lang.RuntimeException: error: 11
07-07 09:10:21.840  1859  2073 E BluetoothPowerStatsCollector: Caused by: java.lang.RuntimeException: error: 11
07-07 09:31:08.083  1859  2073 E BluetoothPowerStatsCollector: java.util.concurrent.ExecutionException: java.lang.RuntimeException: error: 11
07-07 09:31:08.083  1859  2073 E BluetoothPowerStatsCollector: Caused by: java.lang.RuntimeException: error: 11
07-07 09:31:08.286  1859  2073 E BluetoothPowerStatsCollector: java.util.concurrent.ExecutionException: java.lang.RuntimeException: error: 11
07-07 09:31:08.286  1859  2073 E BluetoothPowerStatsCollector: Caused by: java.lang.RuntimeException: error: 11
07-07 09:31:08.570  1859  2073 E BluetoothPowerStatsCollector: java.util.concurrent.ExecutionException: java.lang.RuntimeException: error: 11
07-07 09:31:08.570  1859  2073 E BluetoothPowerStatsCollector: Caused by: java.lang.RuntimeException: error: 11
07-07 09:43:29.397  1859  2969 E ProcessManager: error write exception log
07-07 10:10:21.823  1859  2073 E BluetoothPowerStatsCollector: java.util.concurrent.ExecutionException: java.lang.RuntimeException: error: 11
07-07 10:10:21.823  1859  2073 E BluetoothPowerStatsCollector: Caused by: java.lang.RuntimeException: error: 11
07-07 10:10:22.014  1859  2073 E BluetoothPowerStatsCollector: java.util.concurrent.ExecutionException: java.lang.RuntimeException: error: 11
07-07 10:10:22.014  1859  2073 E BluetoothPowerStatsCollector: Caused by: java.lang.RuntimeException: error: 11
07-07 10:10:22.214  1859  2073 E BluetoothPowerStatsCollector: java.util.concurrent.ExecutionException: java.lang.RuntimeException: error: 11
07-07 10:10:22.214  1859  2073 E BluetoothPowerStatsCollector: Caused by: java.lang.RuntimeException: error: 11
07-07 10:10:22.446  1859  2073 E BluetoothPowerStatsCollector: java.util.concurrent.ExecutionException: java.lang.RuntimeException: error: 11
07-07 10:10:22.446  1859  2073 E BluetoothPowerStatsCollector: Caused by: java.lang.RuntimeException: error: 11
07-07 10:20:56.645  1859  2969 E ProcessManager: error write exception log
07-07 10:20:56.687  1859  2969 E ProcessManager: error write exception log
07-07 10:20:56.825  1859  2969 E ProcessManager: error write exception log
07-07 10:20:57.160  1859  2969 E ProcessManager: error write exception log
07-07 10:20:57.516  1859  2969 E ProcessManager: error write exception log
07-07 10:20:57.590  1859  2969 E ProcessManager: error write exception log
07-07 10:20:57.754  1859  2969 E ProcessManager: error write exception log
07-07 10:20:57.915  1859  2969 E ProcessManager: error write exception log
07-07 10:20:57.967  1859  2969 E ProcessManager: error write exception log
07-07 10:20:58.547  1859  2969 E ProcessManager: error write exception log
07-07 10:20:58.699  1859  1859 E FaceUnlockTrack: org.json.JSONException: End of input at character 0 of 
07-07 10:20:59.242  1859  2969 E ProcessManager: error write exception log
07-07 10:21:00.110  1859  2969 E ProcessManager: error write exception log
07-07 10:21:00.708  1859  2969 E ProcessManager: error write exception log
07-07 10:21:00.932  1859  2969 E ProcessManager: error write exception log
07-07 10:21:01.580  1859  2969 E ProcessManager: error write exception log
07-07 10:21:01.683  1859  2969 E ProcessManager: error write exception log
07-07 10:21:01.886  1859  2969 E ProcessManager: error write exception log
07-07 10:21:03.017  1859  2969 E ProcessManager: error write exception log
07-07 10:21:03.660  1859  2969 E ProcessManager: error write exception log
07-07 10:21:07.421  1859  2969 E ProcessManager: error write exception log
07-07 10:21:07.607  1859  2969 E ProcessManager: error write exception log
07-07 10:21:08.205  1859  2969 E ProcessManager: error write exception log
07-07 10:21:08.498  1859  2969 E ProcessManager: error write exception log
07-07 10:21:10.409  1859  5049 I PowerManagerServiceImpl: Partial wakeLock:[PARTIAL_WAKE_LOCK                 'Application creation -> Application.onCreate -> Startup Listeners -> CrashStartupListener' (uid=10201 pid=8892 pkg=com.google.android.apps.tachyon)], disabled: true, procState: 19, reason: Process Priority
07-07 10:21:10.867  1859  2969 E ProcessManager: error write exception log
07-07 10:21:10.904  1859  2969 E ProcessManager: error write exception log
07-07 10:21:11.780  1859  2969 E ProcessManager: error write exception log
07-07 10:21:11.972  1859  2969 E ProcessManager: error write exception log
07-07 10:21:12.180  1859  2969 E ProcessManager: error write exception log
07-07 10:21:12.566  1859  2969 E ProcessManager: error write exception log
07-07 10:21:12.648  1859  2969 E ProcessManager: error write exception log
07-07 10:21:12.699  1859  2969 E ProcessManager: error write exception log
07-07 10:21:13.108  1859  2969 E ProcessManager: error write exception log
07-07 10:21:13.316  1859  2969 E ProcessManager: error write exception log
07-07 10:21:13.334  1859  3306 W ActivityManager: Exception when unbinding service com.android.vending/com.google.frameworks.client.data.android.server.play.BackgroundProcessEndpointService
07-07 10:21:13.334  1859  3306 W ActivityManager: android.os.DeadObjectException
07-07 10:21:13.480  1859  2969 E ProcessManager: error write exception log
07-07 10:21:13.494  1859  2969 E ProcessManager: error write exception log
07-07 10:21:13.550 26745 27576 E IWirelessSwitch: isWirelessChargingSupported transact failed. java.util.NoSuchElementException
07-07 10:21:13.799  1859  5004 W ActivityManager: Exception when unbinding service com.android.chrome/org.chromium.chrome.browser.customtabs.CustomTabsConnectionService
07-07 10:21:13.799  1859  5004 W ActivityManager: android.os.DeadObjectException
07-07 10:21:13.913  1859  2969 E ProcessManager: error write exception log
07-07 10:21:14.001  1859  2969 E ProcessManager: error write exception log
07-07 10:21:14.068  1859  2969 E ProcessManager: error write exception log
07-07 10:21:14.238  1859  2969 E ProcessManager: error write exception log
07-07 10:21:14.426  1859  2969 E ProcessManager: error write exception log
07-07 10:21:14.428  1859  3763 W ActivityManager: Scheduling restart of crashed service com.xiaomi.simactivate.service/com.xiaomi.activate.ActivateService in 1000ms for connection
07-07 10:21:14.658  1859  2969 E ProcessManager: error write exception log
07-07 10:21:14.684  1859  2969 E ProcessManager: error write exception log
07-07 10:21:14.982  1859  2969 E ProcessManager: error write exception log
07-07 10:21:15.092  1859  2969 E ProcessManager: error write exception log
07-07 10:21:15.238  1859  2969 E ProcessManager: error write exception log
07-07 10:21:15.465  1859  2969 E ProcessManager: error write exception log
07-07 10:21:15.475  1859  3762 W ActivityManager: Scheduling restart of crashed service com.miui.misightservice/.MiSightManagerService in 20000ms for start-requested
07-07 10:21:15.510  1859  2969 E ProcessManager: error write exception log
07-07 10:21:15.604  1859  2056 W ActivityManager: Rescheduling restart of crashed service com.miui.misightservice/.MiSightManagerService in 29870ms for mem-pressure-event
07-07 10:21:15.667  1859  2056 W ActivityManager: Rescheduling restart of crashed service com.miui.misightservice/.MiSightManagerService in 19808ms for mem-pressure-event
07-07 10:21:16.176  1859  2969 E ProcessManager: error write exception log
07-07 10:21:16.298  1859  2969 E ProcessManager: error write exception log
07-07 10:21:16.362  1859  2056 W ActivityManager: Rescheduling restart of crashed service com.miui.misightservice/.MiSightManagerService in 113ms for mem-pressure-event
07-07 10:21:16.936  1859  2969 E ProcessManager: error write exception log
07-07 10:21:16.944  1859  3651 W ActivityManager: Scheduling restart of crashed service com.xiaomi.simactivate.service/com.xiaomi.activate.ActivateService in 4000ms for connection
07-07 10:21:16.988  1859  2969 E ProcessManager: error write exception log
07-07 10:21:18.050  1859  2969 E ProcessManager: error write exception log
07-07 10:21:18.249  1859  2132 E DeviceGuardManagerImpl: onBootPhase:PHASE_SYSTEM_SERVICES_READY init miguardservice failed. Exception e = 
07-07 10:21:18.249  1859  2132 E DeviceGuardManagerImpl: java.util.NoSuchElementException
07-07 10:21:18.701  1859  2969 E ProcessManager: error write exception log
07-07 10:21:19.226  1859  3250 E DeviceGuardManagerImpl: onBootPhase:PHASE_SYSTEM_SERVICES_READY init miguardservice failed. Exception e = 
07-07 10:21:19.226  1859  3250 E DeviceGuardManagerImpl: java.util.NoSuchElementException
07-07 10:21:19.456  1859  3306 W ActivityManager: Exception when unbinding service com.android.vending/com.google.frameworks.client.data.android.server.play.BackgroundProcessEndpointService
07-07 10:21:19.456  1859  3306 W ActivityManager: android.os.DeadObjectException
07-07 10:21:19.460  1859  2969 E ProcessManager: error write exception log
07-07 10:21:19.899  1859  3651 E DeviceGuardManagerImpl: onBootPhase:PHASE_SYSTEM_SERVICES_READY init miguardservice failed. Exception e = 
07-07 10:21:19.899  1859  3651 E DeviceGuardManagerImpl: java.util.NoSuchElementException
07-07 10:21:20.239  1859  4795 E DeviceGuardManagerImpl: onBootPhase:PHASE_SYSTEM_SERVICES_READY init miguardservice failed. Exception e = 
07-07 10:21:20.239  1859  4795 E DeviceGuardManagerImpl: java.util.NoSuchElementException
07-07 10:21:21.418  1859  4795 E DeviceGuardManagerImpl: onBootPhase:PHASE_SYSTEM_SERVICES_READY init miguardservice failed. Exception e = 
07-07 10:21:21.418  1859  4795 E DeviceGuardManagerImpl: java.util.NoSuchElementException
07-07 10:21:22.069  1859  2969 E ProcessManager: error write exception log
07-07 10:21:22.095  1859  2969 E ProcessManager: error write exception log
07-07 10:21:27.728  1859  2969 E ProcessManager: error write exception log
07-07 10:21:57.748  1859  2073 W ActivityManager: java.io.FileNotFoundException: /sys/fs/cgroup/apps/uid_10168/pid_31461/cgroup.procs: open failed: ENOENT (No such file or directory)
07-07 10:21:57.748  1859  2073 W ActivityManager: Caused by: android.system.ErrnoException: open failed: ENOENT (No such file or directory)
07-07 10:21:57.752  1859  2073 W ActivityManager: java.io.FileNotFoundException: /sys/fs/cgroup/apps/uid_10164/pid_6629/cgroup.procs: open failed: ENOENT (No such file or directory)
07-07 10:21:57.752  1859  2073 W ActivityManager: Caused by: android.system.ErrnoException: open failed: ENOENT (No such file or directory)
07-07 10:21:57.769  1859  2073 E BluetoothPowerStatsCollector: java.util.concurrent.ExecutionException: java.lang.RuntimeException: error: 11
07-07 10:21:57.769  1859  2073 E BluetoothPowerStatsCollector: Caused by: java.lang.RuntimeException: error: 11
07-07 10:22:17.718  1859  2969 E ProcessManager: error write exception log
07-07 10:22:57.876  1859  1859 E FaceUnlockTrack: org.json.JSONException: End of input at character 0 of 
07-07 10:23:58.961  1859  2969 E ProcessManager: error write exception log
07-07 10:23:59.021  1859  2969 E ProcessManager: error write exception log
07-07 10:23:59.227  1859  2969 E ProcessManager: error write exception log
07-07 10:23:59.229  1859  2073 W ActivityManager: java.io.FileNotFoundException: /sys/fs/cgroup/apps/uid_10168/pid_31461/cgroup.procs: open failed: ENOENT (No such file or directory)
07-07 10:23:59.229  1859  2073 W ActivityManager: Caused by: android.system.ErrnoException: open failed: ENOENT (No such file or directory)
07-07 10:23:59.232  1859  2073 W ActivityManager: java.io.FileNotFoundException: /sys/fs/cgroup/apps/uid_10164/pid_6629/cgroup.procs: open failed: ENOENT (No such file or directory)
07-07 10:23:59.232  1859  2073 W ActivityManager: Caused by: android.system.ErrnoException: open failed: ENOENT (No such file or directory)
07-07 10:23:59.279  1859  2969 E ProcessManager: error write exception log
07-07 10:23:59.435  1859  2969 E ProcessManager: error write exception log
07-07 10:23:59.536  1859  2969 E ProcessManager: error write exception log
07-07 10:23:59.663  1859  2969 E ProcessManager: error write exception log
07-07 10:23:59.949  1859  2969 E ProcessManager: error write exception log
07-07 10:24:00.300  1859  2969 E ProcessManager: error write exception log
07-07 10:24:00.466  1859  2969 E ProcessManager: error write exception log
07-07 10:24:01.011  1859  1859 E FaceUnlockTrack: org.json.JSONException: End of input at character 0 of 
07-07 10:24:01.449  1859  2969 E ProcessManager: error write exception log
07-07 10:24:01.671  1859  2969 E ProcessManager: error write exception log
07-07 10:24:01.709  1859  2969 E ProcessManager: error write exception log
07-07 10:24:03.194  1859  2969 E ProcessManager: error write exception log
07-07 10:24:03.748  1859  2969 E ProcessManager: error write exception log
07-07 10:24:03.843  1859  2070 W ActivityManager: java.io.FileNotFoundException: /sys/fs/cgroup/apps/uid_10151/pid_11925/cgroup.procs: open failed: ENOENT (No such file or directory)
07-07 10:24:03.843  1859  2070 W ActivityManager: Caused by: android.system.ErrnoException: open failed: ENOENT (No such file or directory)
07-07 10:24:03.982 11925 11925 W FileUtils: Failed to chmod(/data/user_de/0/com.google.android.gms/app_chimera): android.system.ErrnoException: chmod failed: ENOENT (No such file or directory)
07-07 10:24:04.027  1859  2969 E ProcessManager: error write exception log
07-07 10:24:04.182  1859  2969 E ProcessManager: error write exception log
07-07 10:24:04.281  1859  2969 E ProcessManager: error write exception log
07-07 10:24:04.391  1859  2070 W ActivityManager: java.io.FileNotFoundException: /sys/fs/cgroup/apps/uid_10151/pid_11925/cgroup.procs: open failed: ENOENT (No such file or directory)
07-07 10:24:04.391  1859  2070 W ActivityManager: Caused by: android.system.ErrnoException: open failed: ENOENT (No such file or directory)
07-07 10:24:04.414  1859  2969 E ProcessManager: error write exception log
07-07 10:24:04.920  1859  2969 E ProcessManager: error write exception log
07-07 10:24:05.020  1859  2969 E ProcessManager: error write exception log
